Archive member included to satisfy reference by file (symbol)

c:/program files (x86)/atmel/studio/7.0/toolchain/arm/arm-gnu-toolchain/bin/../lib/gcc/arm-none-eabi/6.3.1/thumb/v7e-m\libgcc.a(_arm_addsubdf3.o)
                              main.o (__aeabi_f2d)
c:/program files (x86)/atmel/studio/7.0/toolchain/arm/arm-gnu-toolchain/bin/../lib/gcc/arm-none-eabi/6.3.1/../../../../arm-none-eabi/lib/thumb/v7e-m\libc_nano.a(lib_a-exit.o)
                              c:/program files (x86)/atmel/studio/7.0/toolchain/arm/arm-gnu-toolchain/bin/../lib/gcc/arm-none-eabi/6.3.1/../../../../arm-none-eabi/lib/thumb/v7e-m/crt0.o (exit)
c:/program files (x86)/atmel/studio/7.0/toolchain/arm/arm-gnu-toolchain/bin/../lib/gcc/arm-none-eabi/6.3.1/../../../../arm-none-eabi/lib/thumb/v7e-m\libc_nano.a(lib_a-impure.o)
                              c:/program files (x86)/atmel/studio/7.0/toolchain/arm/arm-gnu-toolchain/bin/../lib/gcc/arm-none-eabi/6.3.1/../../../../arm-none-eabi/lib/thumb/v7e-m\libc_nano.a(lib_a-exit.o) (_global_impure_ptr)
c:/program files (x86)/atmel/studio/7.0/toolchain/arm/arm-gnu-toolchain/bin/../lib/gcc/arm-none-eabi/6.3.1/../../../../arm-none-eabi/lib/thumb/v7e-m\libc_nano.a(lib_a-init.o)
                              c:/program files (x86)/atmel/studio/7.0/toolchain/arm/arm-gnu-toolchain/bin/../lib/gcc/arm-none-eabi/6.3.1/../../../../arm-none-eabi/lib/thumb/v7e-m/crt0.o (__libc_init_array)
c:/program files (x86)/atmel/studio/7.0/toolchain/arm/arm-gnu-toolchain/bin/../lib/gcc/arm-none-eabi/6.3.1/../../../../arm-none-eabi/lib/thumb/v7e-m\libc_nano.a(lib_a-memset.o)
                              c:/program files (x86)/atmel/studio/7.0/toolchain/arm/arm-gnu-toolchain/bin/../lib/gcc/arm-none-eabi/6.3.1/../../../../arm-none-eabi/lib/thumb/v7e-m/crt0.o (memset)
c:/program files (x86)/atmel/studio/7.0/toolchain/arm/arm-gnu-toolchain/bin/../lib/gcc/arm-none-eabi/6.3.1/../../../../arm-none-eabi/lib/thumb/v7e-m\libc_nano.a(lib_a-printf.o)
                              hal/utils/src/utils_syscalls.o (printf)
c:/program files (x86)/atmel/studio/7.0/toolchain/arm/arm-gnu-toolchain/bin/../lib/gcc/arm-none-eabi/6.3.1/../../../../arm-none-eabi/lib/thumb/v7e-m\libc_nano.a(lib_a-puts.o)
                              main.o (puts)
c:/program files (x86)/atmel/studio/7.0/toolchain/arm/arm-gnu-toolchain/bin/../lib/gcc/arm-none-eabi/6.3.1/../../../../arm-none-eabi/lib/thumb/v7e-m\libc_nano.a(lib_a-setbuf.o)
                              stdio_redirect/stdio_io.o (setbuf)
c:/program files (x86)/atmel/studio/7.0/toolchain/arm/arm-gnu-toolchain/bin/../lib/gcc/arm-none-eabi/6.3.1/../../../../arm-none-eabi/lib/thumb/v7e-m\libc_nano.a(lib_a-setvbuf.o)
                              c:/program files (x86)/atmel/studio/7.0/toolchain/arm/arm-gnu-toolchain/bin/../lib/gcc/arm-none-eabi/6.3.1/../../../../arm-none-eabi/lib/thumb/v7e-m\libc_nano.a(lib_a-setbuf.o) (setvbuf)
c:/program files (x86)/atmel/studio/7.0/toolchain/arm/arm-gnu-toolchain/bin/../lib/gcc/arm-none-eabi/6.3.1/../../../../arm-none-eabi/lib/thumb/v7e-m\libc_nano.a(lib_a-wbuf.o)
                              c:/program files (x86)/atmel/studio/7.0/toolchain/arm/arm-gnu-toolchain/bin/../lib/gcc/arm-none-eabi/6.3.1/../../../../arm-none-eabi/lib/thumb/v7e-m\libc_nano.a(lib_a-puts.o) (__swbuf_r)
c:/program files (x86)/atmel/studio/7.0/toolchain/arm/arm-gnu-toolchain/bin/../lib/gcc/arm-none-eabi/6.3.1/../../../../arm-none-eabi/lib/thumb/v7e-m\libc_nano.a(lib_a-wsetup.o)
                              c:/program files (x86)/atmel/studio/7.0/toolchain/arm/arm-gnu-toolchain/bin/../lib/gcc/arm-none-eabi/6.3.1/../../../../arm-none-eabi/lib/thumb/v7e-m\libc_nano.a(lib_a-puts.o) (__swsetup_r)
c:/program files (x86)/atmel/studio/7.0/toolchain/arm/arm-gnu-toolchain/bin/../lib/gcc/arm-none-eabi/6.3.1/../../../../arm-none-eabi/lib/thumb/v7e-m\libc_nano.a(lib_a-fflush.o)
                              c:/program files (x86)/atmel/studio/7.0/toolchain/arm/arm-gnu-toolchain/bin/../lib/gcc/arm-none-eabi/6.3.1/../../../../arm-none-eabi/lib/thumb/v7e-m\libc_nano.a(lib_a-setvbuf.o) (_fflush_r)
c:/program files (x86)/atmel/studio/7.0/toolchain/arm/arm-gnu-toolchain/bin/../lib/gcc/arm-none-eabi/6.3.1/../../../../arm-none-eabi/lib/thumb/v7e-m\libc_nano.a(lib_a-findfp.o)
                              c:/program files (x86)/atmel/studio/7.0/toolchain/arm/arm-gnu-toolchain/bin/../lib/gcc/arm-none-eabi/6.3.1/../../../../arm-none-eabi/lib/thumb/v7e-m\libc_nano.a(lib_a-printf.o) (__sinit)
c:/program files (x86)/atmel/studio/7.0/toolchain/arm/arm-gnu-toolchain/bin/../lib/gcc/arm-none-eabi/6.3.1/../../../../arm-none-eabi/lib/thumb/v7e-m\libc_nano.a(lib_a-fwalk.o)
                              c:/program files (x86)/atmel/studio/7.0/toolchain/arm/arm-gnu-toolchain/bin/../lib/gcc/arm-none-eabi/6.3.1/../../../../arm-none-eabi/lib/thumb/v7e-m\libc_nano.a(lib_a-findfp.o) (_fwalk)
[...]
Memory Configuration

Name             Origin             Length             Attributes
rom              0x00400000         0x00200000         xr
ram              0x20400000         0x00060000         xrw
*default*        0x00000000         0xffffffff

Linker script and memory map

LOAD c:/program files (x86)/atmel/studio/7.0/toolchain/arm/arm-gnu-toolchain/bin/../lib/gcc/arm-none-eabi/6.3.1/thumb/v7e-m/crti.o
LOAD c:/program files (x86)/atmel/studio/7.0/toolchain/arm/arm-gnu-toolchain/bin/../lib/gcc/arm-none-eabi/6.3.1/thumb/v7e-m/crtbegin.o
LOAD c:/program files (x86)/atmel/studio/7.0/toolchain/arm/arm-gnu-toolchain/bin/../lib/gcc/arm-none-eabi/6.3.1/../../../../arm-none-eabi/lib/thumb/v7e-m/crt0.o
LOAD atmel_start.o
LOAD Device_Startup/startup_samv71q21b.o
LOAD Device_Startup/system_samv71q21b.o
LOAD driver_init.o
LOAD examples/driver_examples.o
LOAD hal/src/hal_atomic.o
LOAD hal/src/hal_delay.o
LOAD hal/src/hal_gpio.o
LOAD hal/src/hal_init.o
LOAD hal/src/hal_io.o
LOAD hal/src/hal_sleep.o
LOAD hal/src/hal_usart_sync.o
LOAD hal/utils/src/utils_assert.o
LOAD hal/utils/src/utils_event.o
LOAD hal/utils/src/utils_list.o
LOAD hal/utils/src/utils_ringbuffer.o
LOAD hal/utils/src/utils_syscalls.o
LOAD hpl/core/hpl_core_m7_base.o
LOAD hpl/core/hpl_init.o
LOAD hpl/pmc/hpl_pmc.o
LOAD hpl/pmc/hpl_sleep.o
LOAD hpl/systick/hpl_systick_ARMv7_base.o
LOAD hpl/tc/tc_lite.o
LOAD hpl/usart/hpl_usart.o
LOAD hpl/xdmac/hpl_xdmac.o
LOAD main.o
LOAD stdio_redirect/gcc/read.o
LOAD stdio_redirect/gcc/write.o
LOAD stdio_redirect/stdio_io.o
LOAD stdio_start.o
START GROUP
LOAD c:/program files (x86)/atmel/studio/7.0/toolchain/arm/arm-gnu-toolchain/bin/../lib/gcc/arm-none-eabi/6.3.1/../../../../arm-none-eabi/lib/thumb/v7e-m\libm.a
END GROUP
START GROUP
LOAD c:/program files (x86)/atmel/studio/7.0/toolchain/arm/arm-gnu-toolchain/bin/../lib/gcc/arm-none-eabi/6.3.1/thumb/v7e-m\libgcc.a
LOAD c:/program files (x86)/atmel/studio/7.0/toolchain/arm/arm-gnu-toolchain/bin/../lib/gcc/arm-none-eabi/6.3.1/../../../../arm-none-eabi/lib/thumb/v7e-m\libc_nano.a
END GROUP
START GROUP
LOAD c:/program files (x86)/atmel/studio/7.0/toolchain/arm/arm-gnu-toolchain/bin/../lib/gcc/arm-none-eabi/6.3.1/thumb/v7e-m\libgcc.a
LOAD c:/program files (x86)/atmel/studio/7.0/toolchain/arm/arm-gnu-toolchain/bin/../lib/gcc/arm-none-eabi/6.3.1/../../../../arm-none-eabi/lib/thumb/v7e-m\libc_nano.a
END GROUP
LOAD c:/program files (x86)/atmel/studio/7.0/toolchain/arm/arm-gnu-toolchain/bin/../lib/gcc/arm-none-eabi/6.3.1/thumb/v7e-m/crtend.o
LOAD c:/program files (x86)/atmel/studio/7.0/toolchain/arm/arm-gnu-toolchain/bin/../lib/gcc/arm-none-eabi/6.3.1/thumb/v7e-m/crtn.o
                0x00000400                STACK_SIZE = DEFINED (STACK_SIZE)?STACK_SIZE:DEFINED (__stack_size__)?__stack_size__:0x400
                0x00000200                HEAP_SIZE = DEFINED (HEAP_SIZE)?HEAP_SIZE:DEFINED (__heap_size__)?__heap_size__:0x200

.text           0x00400000     0x22d4
                0x00400000                . = ALIGN (0x4)
                0x00400000                _sfixed = .
 *(.vectors .vectors.*)
 .vectors       0x00400000      0x168 Device_Startup/startup_samv71q21b.o
                0x00400000                exception_table
 *(.text .text.* .gnu.linkonce.t.*)
 .text          0x00400168       0x6c c:/program files (x86)/atmel/studio/7.0/toolchain/arm/arm-gnu-toolchain/bin/../lib/gcc/arm-none-eabi/6.3.1/thumb/v7e-m/crtbegin.o
 .text.atmel_start_init
                0x004001d4       0x14 atmel_start.o
                0x004001d4                atmel_start_init
 .text.Dummy_Handler
                0x004001e8        0x2 Device_Startup/startup_samv71q21b.o
                0x004001e8                DACC_Handler
                0x004001e8                SVCall_Handler
                0x004001e8                UART3_Handler
                0x004001e8                UART2_Handler
                0x004001e8                TRNG_Handler
                0x004001e8                HardFault_Handler
                0x004001e8                TC2_Handler
                0x004001e8                SysTick_Handler
                0x004001e8                AFEC1_Handler
                0x004001e8                PendSV_Handler
                0x004001e8                TC7_Handler
                0x004001e8                QSPI_Handler
                0x004001e8                NonMaskableInt_Handler
                0x004001e8                ISI_Handler
                0x004001e8                MCAN0_INT0_Handler
                0x004001e8                TC9_Handler
                0x004001e8                RSWDT_Handler
                0x004001e8                USART0_Handler
                0x004001e8                RTT_Handler
                0x004001e8                USBHS_Handler
                0x004001e8                IXC_Handler
                0x004001e8                CCF_Handler
                0x004001e8                PIOB_Handler
                0x004001e8                RTC_Handler
                0x004001e8                UsageFault_Handler
                0x004001e8                WDT_Handler
                0x004001e8                MCAN1_INT1_Handler
                0x004001e8                TC4_Handler
                0x004001e8                TC1_Handler
                0x004001e8                HSMCI_Handler
                0x004001e8                UART1_Handler
                0x004001e8                TC3_Handler
                0x004001e8                Dummy_Handler
                0x004001e8                TWIHS1_Handler
                0x004001e8                XDMAC_Handler
                0x004001e8                UART4_Handler
                0x004001e8                PWM1_Handler
                0x004001e8                USART1_Handler
                0x004001e8                PWM0_Handler
                0x004001e8                PIOA_Handler
                0x004001e8                AFEC0_Handler
                0x004001e8                CCW_Handler
                0x004001e8                SSC_Handler
                0x004001e8                TC11_Handler
                0x004001e8                ACC_Handler
                0x004001e8                PMC_Handler
                0x004001e8                GMAC_Handler
                0x004001e8                MCAN0_INT1_Handler
                0x004001e8                GMAC_Q5_Handler
                0x004001e8                SUPC_Handler
                0x004001e8                TC8_Handler
                0x004001e8                MCAN1_INT0_Handler
                0x004001e8                EFC_Handler
                0x004001e8                GMAC_Q1_Handler
                0x004001e8                USART2_Handler
                0x004001e8                SDRAMC_Handler
                0x004001e8                GMAC_Q2_Handler
                0x004001e8                PIOE_Handler
                0x004001e8                SPI1_Handler
                0x004001e8                TC10_Handler
                0x004001e8                GMAC_Q3_Handler
                0x004001e8                PIOD_Handler
                0x004001e8                TWIHS2_Handler
                0x004001e8                MLB_Handler
                0x004001e8                I2SC0_Handler
                0x004001e8                UART0_Handler
                0x004001e8                I2SC1_Handler
                0x004001e8                PIOC_Handler
                0x004001e8                GMAC_Q4_Handler
                0x004001e8                FPU_Handler
                0x004001e8                BusFault_Handler
                0x004001e8                RSTC_Handler
                0x004001e8                TC0_Handler
                0x004001e8                MemoryManagement_Handler
                0x004001e8                DebugMonitor_Handler
                0x004001e8                TC5_Handler
                0x004001e8                ICM_Handler
                0x004001e8                AES_Handler
                0x004001e8                TWIHS0_Handler
                0x004001e8                SPI0_Handler
 *fill*         0x004001ea        0x2 
 .text.Reset_Handler
                0x004001ec       0x68 Device_Startup/startup_samv71q21b.o
                0x004001ec                Reset_Handler
 .text.TIMER_0_PORT_init
                0x00400254       0x20 driver_init.o
                0x00400254                TIMER_0_PORT_init
 .text.TIMER_0_CLOCK_init
                0x00400274       0x48 driver_init.o
                0x00400274                TIMER_0_CLOCK_init
 .text.delay_driver_init
                0x004002bc       0x14 driver_init.o
                0x004002bc                delay_driver_init
 .text.TARGET_IO_PORT_init
                0x004002d0       0x4c driver_init.o
                0x004002d0                TARGET_IO_PORT_init
 .text.TARGET_IO_CLOCK_init
                0x0040031c       0x18 driver_init.o
                0x0040031c                TARGET_IO_CLOCK_init
 .text.TARGET_IO_init
                0x00400334       0x34 driver_init.o
                0x00400334                TARGET_IO_init
 .text.system_init
                0x00400368       0x68 driver_init.o
                0x00400368                system_init
 .text.atomic_enter_critical
                0x004003d0        0xe hal/src/hal_atomic.o
                0x004003d0                atomic_enter_critical
 .text.atomic_leave_critical
                0x004003de        0xc hal/src/hal_atomic.o
                0x004003de                atomic_leave_critical
 *fill*         0x004003ea        0x2 
 .text.delay_init
                0x004003ec       0x14 hal/src/hal_delay.o
                0x004003ec                delay_init
 .text.delay_ms
                0x00400400       0x20 hal/src/hal_delay.o
                0x00400400                delay_ms
 .text.io_write
                0x00400420       0x30 hal/src/hal_io.o
                0x00400420                io_write
 .text.io_read  0x00400450       0x30 hal/src/hal_io.o
                0x00400450                io_read
 .text.usart_sync_write
                0x00400480       0x70 hal/src/hal_usart_sync.o
 .text.usart_sync_read
                0x004004f0       0x60 hal/src/hal_usart_sync.o
 .text.usart_sync_init
                0x00400550       0x48 hal/src/hal_usart_sync.o
                0x00400550                usart_sync_init
 .text.usart_sync_enable
                0x00400598       0x2c hal/src/hal_usart_sync.o
                0x00400598                usart_sync_enable
 .text.assert   0x004005c4        0x6 hal/utils/src/utils_assert.o
                0x004005c4                assert
 *fill*         0x004005ca        0x2 
 .text._sbrk    0x004005cc       0x24 hal/utils/src/utils_syscalls.o
                0x004005cc                _sbrk
 .text._close   0x004005f0        0x6 hal/utils/src/utils_syscalls.o
                0x004005f0                _close
 .text._fstat   0x004005f6        0xa hal/utils/src/utils_syscalls.o
                0x004005f6                _fstat
 .text._isatty  0x00400600        0x4 hal/utils/src/utils_syscalls.o
                0x00400600                _isatty
 .text._lseek   0x00400604        0x4 hal/utils/src/utils_syscalls.o
                0x00400604                _lseek
 .text._get_cycles_for_ms
                0x00400608       0x12 hpl/core/hpl_core_m7_base.o
                0x00400608                _get_cycles_for_ms
 *fill*         0x0040061a        0x2 
 .text._init_chip
                0x0040061c       0x54 hpl/core/hpl_init.o
                0x0040061c                _init_chip
 .text._pmc_init_sources
                0x00400670       0x50 hpl/pmc/hpl_pmc.o
 .text._pmc_init_master_clock
                0x004006c0       0x4c hpl/pmc/hpl_pmc.o
 .text._pmc_init
                0x0040070c       0x14 hpl/pmc/hpl_pmc.o
                0x0040070c                _pmc_init
 .text._system_time_init
                0x00400720       0x14 hpl/systick/hpl_systick_ARMv7_base.o
                0x00400720                _system_time_init
 .text._delay_init
                0x00400734        0xc hpl/systick/hpl_systick_ARMv7_base.o
                0x00400734                _delay_init
 .text._delay_cycles
                0x00400740       0x40 hpl/systick/hpl_systick_ARMv7_base.o
                0x00400740                _delay_cycles
 .text.TIMER_0_init
                0x00400780       0x6c hpl/tc/tc_lite.o
                0x00400780                TIMER_0_init
 .text.start_timer
                0x004007ec        0xc hpl/tc/tc_lite.o
                0x004007ec                start_timer
 .text.tc_register_callback
                0x004007f8       0x3c hpl/tc/tc_lite.o
                0x004007f8                tc_register_callback
 .text.TC6_Handler
                0x00400834       0x20 hpl/tc/tc_lite.o
                0x00400834                TC6_Handler
 .text._usart_get_hardware_index
                0x00400854       0x2c hpl/usart/hpl_usart.o
 .text._get_usart_index
                0x00400880       0x54 hpl/usart/hpl_usart.o
 .text._usart_init
                0x004008d4       0x68 hpl/usart/hpl_usart.o
 .text._usart_sync_init
                0x0040093c       0x38 hpl/usart/hpl_usart.o
                0x0040093c                _usart_sync_init
 .text._usart_sync_enable
                0x00400974       0x34 hpl/usart/hpl_usart.o
                0x00400974                _usart_sync_enable
 .text._usart_sync_write_byte
                0x004009a8       0x24 hpl/usart/hpl_usart.o
                0x004009a8                _usart_sync_write_byte
 .text._usart_sync_read_byte
                0x004009cc       0x24 hpl/usart/hpl_usart.o
                0x004009cc                _usart_sync_read_byte
 .text._usart_sync_is_ready_to_send
                0x004009f0       0x28 hpl/usart/hpl_usart.o
                0x004009f0                _usart_sync_is_ready_to_send
 .text._usart_sync_is_transmit_done
                0x00400a18       0x28 hpl/usart/hpl_usart.o
                0x00400a18                _usart_sync_is_transmit_done
 .text._usart_sync_is_byte_received
                0x00400a40       0x28 hpl/usart/hpl_usart.o
                0x00400a40                _usart_sync_is_byte_received
 .text._usart_get_usart_sync
                0x00400a68        0x4 hpl/usart/hpl_usart.o
                0x00400a68                _usart_get_usart_sync
 .text.channel_0_cb
                0x00400a6c       0x18 main.o
                0x00400a6c                channel_0_cb
 .text.SYSTICK_TimerStart
                0x00400a84       0x14 main.o
                0x00400a84                SYSTICK_TimerStart
 .text.TC2_CH1_ComparePeriodGet
                0x00400a98        0xc main.o
                0x00400a98                TC2_CH1_ComparePeriodGet
 .text.TC2_CH0_CaptureStatusGet
                0x00400aa4        0xc main.o
                0x00400aa4                TC2_CH0_CaptureStatusGet
 .text.TC2_CH0_CaptureAGet
                0x00400ab0        0xc main.o
                0x00400ab0                TC2_CH0_CaptureAGet
 .text.TC2_CH0_CaptureBGet
                0x00400abc        0xc main.o
                0x00400abc                TC2_CH0_CaptureBGet
 .text.TC2_CH0_CaptureFrequencyGet
                0x00400ac8        0x8 main.o
                0x00400ac8                TC2_CH0_CaptureFrequencyGet
 .text.main     0x00400ad0      0x118 main.o
                0x00400ad0                main
 .text._read    0x00400be8       0x24 stdio_redirect/gcc/read.o
                0x00400be8                _read
 .text._write   0x00400c0c       0x28 stdio_redirect/gcc/write.o
                0x00400c0c                _write
 .text.stdio_io_init
                0x00400c34       0x2c stdio_redirect/stdio_io.o
                0x00400c34                stdio_io_init
 .text.stdio_io_read
                0x00400c60       0x24 stdio_redirect/stdio_io.o
                0x00400c60                stdio_io_read
 .text.stdio_io_write
                0x00400c84       0x24 stdio_redirect/stdio_io.o
                0x00400c84                stdio_io_write
 .text.stdio_redirect_init
                0x00400ca8       0x20 stdio_start.o
                0x00400ca8                stdio_redirect_init
 .text          0x00400cc8      0x370 c:/program files (x86)/atmel/studio/7.0/toolchain/arm/arm-gnu-toolchain/bin/../lib/gcc/arm-none-eabi/6.3.1/thumb/v7e-m\libgcc.a(_arm_addsubdf3.o)
                0x00400cc8                __aeabi_drsub
                0x00400cd0                __aeabi_dsub
                0x00400cd0                __subdf3
                0x00400cd4                __aeabi_dadd
                0x00400cd4                __adddf3
                0x00400f4c                __floatunsidf
                0x00400f4c                __aeabi_ui2d
                0x00400f6c                __floatsidf
                0x00400f6c                __aeabi_i2d
                0x00400f90                __aeabi_f2d
                0x00400f90                __extendsfdf2
                0x00400fcc                __floatundidf
                0x00400fcc                __aeabi_ul2d
                0x00400fdc                __floatdidf
                0x00400fdc                __aeabi_l2d
 .text.__libc_init_array
                0x00401038       0x48 c:/program files (x86)/atmel/studio/7.0/toolchain/arm/arm-gnu-toolchain/bin/../lib/gcc/arm-none-eabi/6.3.1/../../../../arm-none-eabi/lib/thumb/v7e-m\libc_nano.a(lib_a-init.o)
                0x00401038                __libc_init_array
 .text.memset   0x00401080       0x10 c:/program files (x86)/atmel/studio/7.0/toolchain/arm/arm-gnu-toolchain/bin/../lib/gcc/arm-none-eabi/6.3.1/../../../../arm-none-eabi/lib/thumb/v7e-m\libc_nano.a(lib_a-memset.o)
                0x00401080                memset
 .text.printf   0x00401090       0x30 c:/program files (x86)/atmel/studio/7.0/toolchain/arm/arm-gnu-toolchain/bin/../lib/gcc/arm-none-eabi/6.3.1/../../../../arm-none-eabi/lib/thumb/v7e-m\libc_nano.a(lib_a-printf.o)
                0x00401090                iprintf
                0x00401090                printf
 .text._puts_r  0x004010c0       0xb8 c:/program files (x86)/atmel/studio/7.0/toolchain/arm/arm-gnu-toolchain/bin/../lib/gcc/arm-none-eabi/6.3.1/../../../../arm-none-eabi/lib/thumb/v7e-m\libc_nano.a(lib_a-puts.o)
                0x004010c0                _puts_r
 .text.puts     0x00401178       0x10 c:/program files (x86)/atmel/studio/7.0/toolchain/arm/arm-gnu-toolchain/bin/../lib/gcc/arm-none-eabi/6.3.1/../../../../arm-none-eabi/lib/thumb/v7e-m\libc_nano.a(lib_a-puts.o)
                0x00401178                puts
 .text.setbuf   0x00401188       0x10 c:/program files (x86)/atmel/studio/7.0/toolchain/arm/arm-gnu-toolchain/bin/../lib/gcc/arm-none-eabi/6.3.1/../../../../arm-none-eabi/lib/thumb/v7e-m\libc_nano.a(lib_a-setbuf.o)
                0x00401188                setbuf
 .text.setvbuf  0x00401198      0x15c c:/program files (x86)/atmel/studio/7.0/toolchain/arm/arm-gnu-toolchain/bin/../lib/gcc/arm-none-eabi/6.3.1/../../../../arm-none-eabi/lib/thumb/v7e-m\libc_nano.a(lib_a-setvbuf.o)
                0x00401198                setvbuf
 .text.__swbuf_r
                0x004012f4       0xa4 c:/program files (x86)/atmel/studio/7.0/toolchain/arm/arm-gnu-toolchain/bin/../lib/gcc/arm-none-eabi/6.3.1/../../../../arm-none-eabi/lib/thumb/v7e-m\libc_nano.a(lib_a-wbuf.o)
                0x004012f4                __swbuf_r
 .text.__swsetup_r
                0x00401398       0xdc c:/program files (x86)/atmel/studio/7.0/toolchain/arm/arm-gnu-toolchain/bin/../lib/gcc/arm-none-eabi/6.3.1/../../../../arm-none-eabi/lib/thumb/v7e-m\libc_nano.a(lib_a-wsetup.o)
                0x00401398                __swsetup_r
 .text.__sflush_r
                0x00401474      0x110 c:/program files (x86)/atmel/studio/7.0/toolchain/arm/arm-gnu-toolchain/bin/../lib/gcc/arm-none-eabi/6.3.1/../../../../arm-none-eabi/lib/thumb/v7e-m\libc_nano.a(lib_a-fflush.o)
                0x00401474                __sflush_r
 .text._fflush_r
                0x00401584       0x54 c:/program files (x86)/atmel/studio/7.0/toolchain/arm/arm-gnu-toolchain/bin/../lib/gcc/arm-none-eabi/6.3.1/../../../../arm-none-eabi/lib/thumb/v7e-m\libc_nano.a(lib_a-fflush.o)
                0x00401584                _fflush_r
 .text._cleanup_r
                0x004015d8        0xc c:/program files (x86)/atmel/studio/7.0/toolchain/arm/arm-gnu-toolchain/bin/../lib/gcc/arm-none-eabi/6.3.1/../../../../arm-none-eabi/lib/thumb/v7e-m\libc_nano.a(lib_a-findfp.o)
                0x004015d8                _cleanup_r
 .text.std.isra.0
                0x004015e4       0x48 c:/program files (x86)/atmel/studio/7.0/toolchain/arm/arm-gnu-toolchain/bin/../lib/gcc/arm-none-eabi/6.3.1/../../../../arm-none-eabi/lib/thumb/v7e-m\libc_nano.a(lib_a-findfp.o)
 .text.__sfmoreglue
                0x0040162c       0x2c c:/program files (x86)/atmel/studio/7.0/toolchain/arm/arm-gnu-toolchain/bin/../lib/gcc/arm-none-eabi/6.3.1/../../../../arm-none-eabi/lib/thumb/v7e-m\libc_nano.a(lib_a-findfp.o)
                0x0040162c                __sfmoreglue
 .text.__sinit  0x00401658       0x60 c:/program files (x86)/atmel/studio/7.0/toolchain/arm/arm-gnu-toolchain/bin/../lib/gcc/arm-none-eabi/6.3.1/../../../../arm-none-eabi/lib/thumb/v7e-m\libc_nano.a(lib_a-findfp.o)
                0x00401658                __sinit
 .text.__sfp    0x004016b8       0x78 c:/program files (x86)/atmel/studio/7.0/toolchain/arm/arm-gnu-toolchain/bin/../lib/gcc/arm-none-eabi/6.3.1/../../../../arm-none-eabi/lib/thumb/v7e-m\libc_nano.a(lib_a-findfp.o)
                0x004016b8                __sfp
 .text._fwalk_reent
                0x00401730       0x3c c:/program files (x86)/atmel/studio/7.0/toolchain/arm/arm-gnu-toolchain/bin/../lib/gcc/arm-none-eabi/6.3.1/../../../../arm-none-eabi/lib/thumb/v7e-m\libc_nano.a(lib_a-fwalk.o)
                0x00401730                _fwalk_reent
 .text.__swhatbuf_r
                0x0040176c       0x48 c:/program files (x86)/atmel/studio/7.0/toolchain/arm/arm-gnu-toolchain/bin/../lib/gcc/arm-none-eabi/6.3.1/../../../../arm-none-eabi/lib/thumb/v7e-m\libc_nano.a(lib_a-makebuf.o)
                0x0040176c                __swhatbuf_r
 .text.__smakebuf_r
                0x004017b4       0x80 c:/program files (x86)/atmel/studio/7.0/toolchain/arm/arm-gnu-toolchain/bin/../lib/gcc/arm-none-eabi/6.3.1/../../../../arm-none-eabi/lib/thumb/v7e-m\libc_nano.a(lib_a-makebuf.o)
                0x004017b4                __smakebuf_r
 .text.malloc   0x00401834       0x10 c:/program files (x86)/atmel/studio/7.0/toolchain/arm/arm-gnu-toolchain/bin/../lib/gcc/arm-none-eabi/6.3.1/../../../../arm-none-eabi/lib/thumb/v7e-m\libc_nano.a(lib_a-malloc.o)
                0x00401834                malloc
 .text._free_r  0x00401844       0x9c c:/program files (x86)/atmel/studio/7.0/toolchain/arm/arm-gnu-toolchain/bin/../lib/gcc/arm-none-eabi/6.3.1/../../../../arm-none-eabi/lib/thumb/v7e-m\libc_nano.a(lib_a-nano-freer.o)
                0x00401844                _free_r
 .text._malloc_r
                0x004018e0       0xbc c:/program files (x86)/atmel/studio/7.0/toolchain/arm/arm-gnu-toolchain/bin/../lib/gcc/arm-none-eabi/6.3.1/../../../../arm-none-eabi/lib/thumb/v7e-m\libc_nano.a(lib_a-nano-mallocr.o)
                0x004018e0                _malloc_r
 .text.__sfputc_r
                0x0040199c       0x2c c:/program files (x86)/atmel/studio/7.0/toolchain/arm/arm-gnu-toolchain/bin/../lib/gcc/arm-none-eabi/6.3.1/../../../../arm-none-eabi/lib/thumb/v7e-m\libc_nano.a(lib_a-nano-vfprintf.o)
 .text.__sfputs_r
                0x004019c8       0x24 c:/program files (x86)/atmel/studio/7.0/toolchain/arm/arm-gnu-toolchain/bin/../lib/gcc/arm-none-eabi/6.3.1/../../../../arm-none-eabi/lib/thumb/v7e-m\libc_nano.a(lib_a-nano-vfprintf.o)
                0x004019c8                __sfputs_r
 .text._vfprintf_r
                0x004019ec      0x22c c:/program files (x86)/atmel/studio/7.0/toolchain/arm/arm-gnu-toolchain/bin/../lib/gcc/arm-none-eabi/6.3.1/../../../../arm-none-eabi/lib/thumb/v7e-m\libc_nano.a(lib_a-nano-vfprintf.o)
                0x004019ec                _vfprintf_r
                0x004019ec                _vfiprintf_r
 .text._printf_common
                0x00401c18       0xec c:/program files (x86)/atmel/studio/7.0/toolchain/arm/arm-gnu-toolchain/bin/../lib/gcc/arm-none-eabi/6.3.1/../../../../arm-none-eabi/lib/thumb/v7e-m\libc_nano.a(lib_a-nano-vfprintf_i.o)
                0x00401c18                _printf_common
 .text._printf_i
                0x00401d04      0x240 c:/program files (x86)/atmel/studio/7.0/toolchain/arm/arm-gnu-toolchain/bin/../lib/gcc/arm-none-eabi/6.3.1/../../../../arm-none-eabi/lib/thumb/v7e-m\libc_nano.a(lib_a-nano-vfprintf_i.o)
                0x00401d04                _printf_i
 .text._sbrk_r  0x00401f44       0x20 c:/program files (x86)/atmel/studio/7.0/toolchain/arm/arm-gnu-toolchain/bin/../lib/gcc/arm-none-eabi/6.3.1/../../../../arm-none-eabi/lib/thumb/v7e-m\libc_nano.a(lib_a-sbrkr.o)
                0x00401f44                _sbrk_r
 .text.__sread  0x00401f64       0x22 c:/program files (x86)/atmel/studio/7.0/toolchain/arm/arm-gnu-toolchain/bin/../lib/gcc/arm-none-eabi/6.3.1/../../../../arm-none-eabi/lib/thumb/v7e-m\libc_nano.a(lib_a-stdio.o)
                0x00401f64                __sread
 .text.__swrite
                0x00401f86       0x38 c:/program files (x86)/atmel/studio/7.0/toolchain/arm/arm-gnu-toolchain/bin/../lib/gcc/arm-none-eabi/6.3.1/../../../../arm-none-eabi/lib/thumb/v7e-m\libc_nano.a(lib_a-stdio.o)
                0x00401f86                __swrite
 .text.__sseek  0x00401fbe       0x24 c:/program files (x86)/atmel/studio/7.0/toolchain/arm/arm-gnu-toolchain/bin/../lib/gcc/arm-none-eabi/6.3.1/../../../../arm-none-eabi/lib/thumb/v7e-m\libc_nano.a(lib_a-stdio.o)
                0x00401fbe                __sseek
 .text.__sclose
                0x00401fe2        0x8 c:/program files (x86)/atmel/studio/7.0/toolchain/arm/arm-gnu-toolchain/bin/../lib/gcc/arm-none-eabi/6.3.1/../../../../arm-none-eabi/lib/thumb/v7e-m\libc_nano.a(lib_a-stdio.o)
                0x00401fe2                __sclose
 *fill*         0x00401fea        0x2 
 .text._write_r
                0x00401fec       0x24 c:/program files (x86)/atmel/studio/7.0/toolchain/arm/arm-gnu-toolchain/bin/../lib/gcc/arm-none-eabi/6.3.1/../../../../arm-none-eabi/lib/thumb/v7e-m\libc_nano.a(lib_a-writer.o)
                0x00401fec                _write_r
 .text._close_r
                0x00402010       0x20 c:/program files (x86)/atmel/studio/7.0/toolchain/arm/arm-gnu-toolchain/bin/../lib/gcc/arm-none-eabi/6.3.1/../../../../arm-none-eabi/lib/thumb/v7e-m\libc_nano.a(lib_a-closer.o)
                0x00402010                _close_r
 .text._fstat_r
                0x00402030       0x24 c:/program files (x86)/atmel/studio/7.0/toolchain/arm/arm-gnu-toolchain/bin/../lib/gcc/arm-none-eabi/6.3.1/../../../../arm-none-eabi/lib/thumb/v7e-m\libc_nano.a(lib_a-fstatr.o)
                0x00402030                _fstat_r
 .text._isatty_r
                0x00402054       0x20 c:/program files (x86)/atmel/studio/7.0/toolchain/arm/arm-gnu-toolchain/bin/../lib/gcc/arm-none-eabi/6.3.1/../../../../arm-none-eabi/lib/thumb/v7e-m\libc_nano.a(lib_a-isattyr.o)
                0x00402054                _isatty_r
 .text._lseek_r
                0x00402074       0x24 c:/program files (x86)/atmel/studio/7.0/toolchain/arm/arm-gnu-toolchain/bin/../lib/gcc/arm-none-eabi/6.3.1/../../../../arm-none-eabi/lib/thumb/v7e-m\libc_nano.a(lib_a-lseekr.o)
                0x00402074                _lseek_r
 *fill*         0x00402098        0x8 
 .text          0x004020a0       0xa0 c:/program files (x86)/atmel/studio/7.0/toolchain/arm/arm-gnu-toolchain/bin/../lib/gcc/arm-none-eabi/6.3.1/../../../../arm-none-eabi/lib/thumb/v7e-m\libc_nano.a(lib_a-memchr.o)
                0x004020a0                memchr
 .text.__malloc_lock
                0x00402140        0x2 c:/program files (x86)/atmel/studio/7.0/toolchain/arm/arm-gnu-toolchain/bin/../lib/gcc/arm-none-eabi/6.3.1/../../../../arm-none-eabi/lib/thumb/v7e-m\libc_nano.a(lib_a-mlock.o)
                0x00402140                __malloc_lock
 .text.__malloc_unlock
                0x00402142        0x2 c:/program files (x86)/atmel/studio/7.0/toolchain/arm/arm-gnu-toolchain/bin/../lib/gcc/arm-none-eabi/6.3.1/../../../../arm-none-eabi/lib/thumb/v7e-m\libc_nano.a(lib_a-mlock.o)
                0x00402142                __malloc_unlock
 .text._read_r  0x00402144       0x24 c:/program files (x86)/atmel/studio/7.0/toolchain/arm/arm-gnu-toolchain/bin/../lib/gcc/arm-none-eabi/6.3.1/../../../../arm-none-eabi/lib/thumb/v7e-m\libc_nano.a(lib_a-readr.o)
                0x00402144                _read_r
 *(.glue_7t)
 .glue_7t       0x00402168        0x0 linker stubs
 *(.glue_7)
 .glue_7        0x00402168        0x0 linker stubs
 *(.rodata .rodata* .gnu.linkonce.r.*)
 .rodata.str1.4
                0x00402168       0x14 hal/src/hal_io.o
 .rodata.str1.4
                0x0040217c       0x1c hal/src/hal_usart_sync.o
 .rodata.str1.4
                0x00402198       0x14 hpl/tc/tc_lite.o
 .rodata        0x004021ac        0xc hpl/usart/hpl_usart.o
 .rodata.str1.4
                0x004021b8       0x19 hpl/usart/hpl_usart.o
 *fill*         0x004021d1        0x3 
 .rodata.str1.4
                0x004021d4       0x48 main.o
                                 0x46 (size before relaxing)
 .rodata._global_impure_ptr
                0x0040221c        0x4 c:/program files (x86)/atmel/studio/7.0/toolchain/arm/arm-gnu-toolchain/bin/../lib/gcc/arm-none-eabi/6.3.1/../../../../arm-none-eabi/lib/thumb/v7e-m\libc_nano.a(lib_a-impure.o)
                0x0040221c                _global_impure_ptr
 .rodata.__sf_fake_stderr
                0x00402220       0x20 c:/program files (x86)/atmel/studio/7.0/toolchain/arm/arm-gnu-toolchain/bin/../lib/gcc/arm-none-eabi/6.3.1/../../../../arm-none-eabi/lib/thumb/v7e-m\libc_nano.a(lib_a-findfp.o)
                0x00402220                __sf_fake_stderr
 .rodata.__sf_fake_stdin
                0x00402240       0x20 c:/program files (x86)/atmel/studio/7.0/toolchain/arm/arm-gnu-toolchain/bin/../lib/gcc/arm-none-eabi/6.3.1/../../../../arm-none-eabi/lib/thumb/v7e-m\libc_nano.a(lib_a-findfp.o)
                0x00402240                __sf_fake_stdin
 .rodata.__sf_fake_stdout
                0x00402260       0x20 c:/program files (x86)/atmel/studio/7.0/toolchain/arm/arm-gnu-toolchain/bin/../lib/gcc/arm-none-eabi/6.3.1/../../../../arm-none-eabi/lib/thumb/v7e-m\libc_nano.a(lib_a-findfp.o)
                0x00402260                __sf_fake_stdout
 .rodata._vfprintf_r.str1.1
                0x00402280       0x11 c:/program files (x86)/atmel/studio/7.0/toolchain/arm/arm-gnu-toolchain/bin/../lib/gcc/arm-none-eabi/6.3.1/../../../../arm-none-eabi/lib/thumb/v7e-m\libc_nano.a(lib_a-nano-vfprintf.o)
 .rodata._printf_i.str1.1
                0x00402291       0x22 c:/program files (x86)/atmel/studio/7.0/toolchain/arm/arm-gnu-toolchain/bin/../lib/gcc/arm-none-eabi/6.3.1/../../../../arm-none-eabi/lib/thumb/v7e-m\libc_nano.a(lib_a-nano-vfprintf_i.o)
 *(.ARM.extab* .gnu.linkonce.armextab.*)
                0x004022b4                . = ALIGN (0x4)
 *fill*         0x004022b3        0x1 
 *(.init)
 .init          0x004022b4        0x4 c:/program files (x86)/atmel/studio/7.0/toolchain/arm/arm-gnu-toolchain/bin/../lib/gcc/arm-none-eabi/6.3.1/thumb/v7e-m/crti.o
                0x004022b4                _init
 .init          0x004022b8        0x8 c:/program files (x86)/atmel/studio/7.0/toolchain/arm/arm-gnu-toolchain/bin/../lib/gcc/arm-none-eabi/6.3.1/thumb/v7e-m/crtn.o
                0x004022c0                . = ALIGN (0x4)
                0x004022c0                __preinit_array_start = .
 *(.preinit_array)
                0x004022c0                __preinit_array_end = .
                0x004022c0                . = ALIGN (0x4)
                0x004022c0                __init_array_start = .
 *(SORT(.init_array.*))
 *(.init_array)
 .init_array    0x004022c0        0x4 c:/program files (x86)/atmel/studio/7.0/toolchain/arm/arm-gnu-toolchain/bin/../lib/gcc/arm-none-eabi/6.3.1/thumb/v7e-m/crtbegin.o
                0x004022c4                __init_array_end = .
                0x004022c4                . = ALIGN (0x4)
 *crtbegin.o(.ctors)
 *(EXCLUDE_FILE(*crtend.o) .ctors)
 *(SORT(.ctors.*))
 *crtend.o(.ctors)
                0x004022c4                . = ALIGN (0x4)
 *(.fini)
 .fini          0x004022c4        0x4 c:/program files (x86)/atmel/studio/7.0/toolchain/arm/arm-gnu-toolchain/bin/../lib/gcc/arm-none-eabi/6.3.1/thumb/v7e-m/crti.o
                0x004022c4                _fini
 .fini          0x004022c8        0x8 c:/program files (x86)/atmel/studio/7.0/toolchain/arm/arm-gnu-toolchain/bin/../lib/gcc/arm-none-eabi/6.3.1/thumb/v7e-m/crtn.o
                0x004022d0                . = ALIGN (0x4)
                0x004022d0                __fini_array_start = .
 *(.fini_array)
 .fini_array    0x004022d0        0x4 c:/program files (x86)/atmel/studio/7.0/toolchain/arm/arm-gnu-toolchain/bin/../lib/gcc/arm-none-eabi/6.3.1/thumb/v7e-m/crtbegin.o
 *(SORT(.fini_array.*))
                0x004022d4                __fini_array_end = .
 *crtbegin.o(.dtors)
 *(EXCLUDE_FILE(*crtend.o) .dtors)
 *(SORT(.dtors.*))
 *crtend.o(.dtors)
                0x004022d4                . = ALIGN (0x4)
                0x004022d4                _efixed = .
                [!provide]                PROVIDE (__exidx_start, .)

.vfp11_veneer   0x004022d4        0x0
 .vfp11_veneer  0x004022d4        0x0 linker stubs

.v4_bx          0x004022d4        0x0
 .v4_bx         0x004022d4        0x0 linker stubs

.iplt           0x004022d4        0x0
 .iplt          0x004022d4        0x0 c:/program files (x86)/atmel/studio/7.0/toolchain/arm/arm-gnu-toolchain/bin/../lib/gcc/arm-none-eabi/6.3.1/thumb/v7e-m/crtbegin.o

.eh_frame       0x004022d4        0x0
 .eh_frame      0x004022d4        0x0 c:/program files (x86)/atmel/studio/7.0/toolchain/arm/arm-gnu-toolchain/bin/../lib/gcc/arm-none-eabi/6.3.1/thumb/v7e-m/crtbegin.o

.rel.dyn        0x004022d4        0x0
 .rel.iplt      0x004022d4        0x0 c:/program files (x86)/atmel/studio/7.0/toolchain/arm/arm-gnu-toolchain/bin/../lib/gcc/arm-none-eabi/6.3.1/thumb/v7e-m/crtbegin.o

.jcr            0x004022d4        0x0
 .jcr           0x004022d4        0x0 c:/program files (x86)/atmel/studio/7.0/toolchain/arm/arm-gnu-toolchain/bin/../lib/gcc/arm-none-eabi/6.3.1/thumb/v7e-m/crtbegin.o

.igot.plt       0x004022d4        0x0
 .igot.plt      0x004022d4        0x0 c:/program files (x86)/atmel/studio/7.0/toolchain/arm/arm-gnu-toolchain/bin/../lib/gcc/arm-none-eabi/6.3.1/thumb/v7e-m/crtbegin.o

.ARM.exidx
 *(.ARM.exidx* .gnu.linkonce.armexidx.*)
                [!provide]                PROVIDE (__exidx_end, .)
                0x004022d4                . = ALIGN (0x4)
                0x004022d4                _etext = .

.relocate       0x20400000       0x64 load address 0x004022d4
                0x20400000                . = ALIGN (0x4)
                0x20400000                _srelocate = .
 *(.ramfunc .ramfunc.*)
 *(.data .data.*)
 .data._impure_ptr
                0x20400000        0x4 c:/program files (x86)/atmel/studio/7.0/toolchain/arm/arm-gnu-toolchain/bin/../lib/gcc/arm-none-eabi/6.3.1/../../../../arm-none-eabi/lib/thumb/v7e-m\libc_nano.a(lib_a-impure.o)
                0x20400000                _impure_ptr
 .data.impure_data
                0x20400004       0x60 c:/program files (x86)/atmel/studio/7.0/toolchain/arm/arm-gnu-toolchain/bin/../lib/gcc/arm-none-eabi/6.3.1/../../../../arm-none-eabi/lib/thumb/v7e-m\libc_nano.a(lib_a-impure.o)
                0x20400064                . = ALIGN (0x4)
                0x20400064                _erelocate = .

.bss            0x20400064       0x54 load address 0x00402338
                0x20400064                . = ALIGN (0x4)
                0x20400064                _sbss = .
                0x20400064                _szero = .
 *(.bss .bss.*)
 .bss           0x20400064       0x1c c:/program files (x86)/atmel/studio/7.0/toolchain/arm/arm-gnu-toolchain/bin/../lib/gcc/arm-none-eabi/6.3.1/thumb/v7e-m/crtbegin.o
 .bss           0x20400080        0x4 hal/src/hal_delay.o
 .bss           0x20400084        0x4 hal/utils/src/utils_syscalls.o
 .bss           0x20400088        0x4 stdio_redirect/stdio_io.o
 .bss.__malloc_free_list
                0x2040008c        0x4 c:/program files (x86)/atmel/studio/7.0/toolchain/arm/arm-gnu-toolchain/bin/../lib/gcc/arm-none-eabi/6.3.1/../../../../arm-none-eabi/lib/thumb/v7e-m\libc_nano.a(lib_a-nano-mallocr.o)
                0x2040008c                __malloc_free_list
 .bss.__malloc_sbrk_start
                0x20400090        0x4 c:/program files (x86)/atmel/studio/7.0/toolchain/arm/arm-gnu-toolchain/bin/../lib/gcc/arm-none-eabi/6.3.1/../../../../arm-none-eabi/lib/thumb/v7e-m\libc_nano.a(lib_a-nano-mallocr.o)
                0x20400090                __malloc_sbrk_start
 *(COMMON)
 COMMON         0x20400094        0xc driver_init.o
                0x20400094                TARGET_IO
 COMMON         0x204000a0        0xc hpl/tc/tc_lite.o
                0x204000a0                tc2_channel_cb
 COMMON         0x204000ac        0x8 main.o
                0x204000ac                frequency
                0x204000b0                duty
 COMMON         0x204000b4        0x4 c:/program files (x86)/atmel/studio/7.0/toolchain/arm/arm-gnu-toolchain/bin/../lib/gcc/arm-none-eabi/6.3.1/../../../../arm-none-eabi/lib/thumb/v7e-m\libc_nano.a(lib_a-reent.o)
                0x204000b4                errno
                0x204000b8                . = ALIGN (0x4)
                0x204000b8                _ebss = .
                0x204000b8                _ezero = .

.heap           0x204000b8      0x200 load address 0x0040238c
                0x204000b8                . = ALIGN (0x8)
                0x204000b8                _sheap = .
                0x204002b8                . = (. + HEAP_SIZE)
 *fill*         0x204000b8      0x200 
                0x204002b8                . = ALIGN (0x8)
                0x204002b8                _eheap = .

.stack          0x204002b8      0x400 load address 0x0040258c
                0x204002b8                . = ALIGN (0x8)
                0x204002b8                _sstack = .
                0x204006b8                . = (. + STACK_SIZE)
 *fill*         0x204002b8      0x400 
                0x204006b8                . = ALIGN (0x8)
                0x204006b8                _estack = .
                0x204006b8                . = ALIGN (0x4)
                0x204006b8                _end = .
                0x2045ffff                _ram_end_ = ((ORIGIN (ram) + LENGTH (ram)) - 0x1)
OUTPUT(TC Lite Driver Example.elf elf32-littlearm)

.ARM.attributes
                0x00000000       0x2e
 .ARM.attributes
                0x00000000       0x1e c:/program files (x86)/atmel/studio/7.0/toolchain/arm/arm-gnu-toolchain/bin/../lib/gcc/arm-none-eabi/6.3.1/thumb/v7e-m/crti.o
 .ARM.attributes
                0x0000001e       0x2e c:/program files (x86)/atmel/studio/7.0/toolchain/arm/arm-gnu-toolchain/bin/../lib/gcc/arm-none-eabi/6.3.1/thumb/v7e-m/crtbegin.o
 .ARM.attributes
                0x0000004c       0x37 atmel_start.o
 .ARM.attributes
                0x00000083       0x37 Device_Startup/startup_samv71q21b.o
 .ARM.attributes
                0x000000ba       0x37 driver_init.o
 .ARM.attributes
                0x000000f1       0x37 hal/src/hal_atomic.o
 .ARM.attributes
                0x00000128       0x37 hal/src/hal_delay.o
 .ARM.attributes
                0x0000015f       0x37 hal/src/hal_io.o
 .ARM.attributes
                0x00000196       0x37 hal/src/hal_usart_sync.o
 .ARM.attributes
                0x000001cd       0x37 hal/utils/src/utils_assert.o
 .ARM.attributes
                0x00000204       0x37 hal/utils/src/utils_syscalls.o
 .ARM.attributes
                0x0000023b       0x37 hpl/core/hpl_core_m7_base.o
 .ARM.attributes
                0x00000272       0x37 hpl/core/hpl_init.o
 .ARM.attributes
                0x000002a9       0x37 hpl/pmc/hpl_pmc.o
 .ARM.attributes
                0x000002e0       0x37 hpl/systick/hpl_systick_ARMv7_base.o
 .ARM.attributes
                0x00000317       0x37 hpl/tc/tc_lite.o
 .ARM.attributes
                0x0000034e       0x37 hpl/usart/hpl_usart.o
 .ARM.attributes
                0x00000385       0x37 main.o
 .ARM.attributes
                0x000003bc       0x37 stdio_redirect/gcc/read.o
 .ARM.attributes
                0x000003f3       0x37 stdio_redirect/gcc/write.o
 .ARM.attributes
                0x0000042a       0x37 stdio_redirect/stdio_io.o
 .ARM.attributes
                0x00000461       0x37 stdio_start.o
 .ARM.attributes
                0x00000498       0x1e c:/program files (x86)/atmel/studio/7.0/toolchain/arm/arm-gnu-toolchain/bin/../lib/gcc/arm-none-eabi/6.3.1/thumb/v7e-m\libgcc.a(_arm_addsubdf3.o)
 .ARM.attributes
                0x000004b6       0x2e c:/program files (x86)/atmel/studio/7.0/toolchain/arm/arm-gnu-toolchain/bin/../lib/gcc/arm-none-eabi/6.3.1/../../../../arm-none-eabi/lib/thumb/v7e-m\libc_nano.a(lib_a-impure.o)
 .ARM.attributes
                0x000004e4       0x2e c:/program files (x86)/atmel/studio/7.0/toolchain/arm/arm-gnu-toolchain/bin/../lib/gcc/arm-none-eabi/6.3.1/../../../../arm-none-eabi/lib/thumb/v7e-m\libc_nano.a(lib_a-init.o)
 .ARM.attributes
                0x00000512       0x2e c:/program files (x86)/atmel/studio/7.0/toolchain/arm/arm-gnu-toolchain/bin/../lib/gcc/arm-none-eabi/6.3.1/../../../../arm-none-eabi/lib/thumb/v7e-m\libc_nano.a(lib_a-memset.o)
 .ARM.attributes
                0x00000540       0x2e c:/program files (x86)/atmel/studio/7.0/toolchain/arm/arm-gnu-toolchain/bin/../lib/gcc/arm-none-eabi/6.3.1/../../../../arm-none-eabi/lib/thumb/v7e-m\libc_nano.a(lib_a-printf.o)
 .ARM.attributes
                0x0000056e       0x2e c:/program files (x86)/atmel/studio/7.0/toolchain/arm/arm-gnu-toolchain/bin/../lib/gcc/arm-none-eabi/6.3.1/../../../../arm-none-eabi/lib/thumb/v7e-m\libc_nano.a(lib_a-puts.o)
 .ARM.attributes
                0x0000059c       0x2e c:/program files (x86)/atmel/studio/7.0/toolchain/arm/arm-gnu-toolchain/bin/../lib/gcc/arm-none-eabi/6.3.1/../../../../arm-none-eabi/lib/thumb/v7e-m\libc_nano.a(lib_a-setbuf.o)
 .ARM.attributes
                0x000005ca       0x2e c:/program files (x86)/atmel/studio/7.0/toolchain/arm/arm-gnu-toolchain/bin/../lib/gcc/arm-none-eabi/6.3.1/../../../../arm-none-eabi/lib/thumb/v7e-m\libc_nano.a(lib_a-setvbuf.o)
 .ARM.attributes
                0x000005f8       0x2e c:/program files (x86)/atmel/studio/7.0/toolchain/arm/arm-gnu-toolchain/bin/../lib/gcc/arm-none-eabi/6.3.1/../../../../arm-none-eabi/lib/thumb/v7e-m\libc_nano.a(lib_a-wbuf.o)
 .ARM.attributes
                0x00000626       0x2e c:/program files (x86)/atmel/studio/7.0/toolchain/arm/arm-gnu-toolchain/bin/../lib/gcc/arm-none-eabi/6.3.1/../../../../arm-none-eabi/lib/thumb/v7e-m\libc_nano.a(lib_a-wsetup.o)
 .ARM.attributes
                0x00000654       0x2e c:/program files (x86)/atmel/studio/7.0/toolchain/arm/arm-gnu-toolchain/bin/../lib/gcc/arm-none-eabi/6.3.1/../../../../arm-none-eabi/lib/thumb/v7e-m\libc_nano.a(lib_a-fflush.o)
 .ARM.attributes
                0x00000682       0x2e c:/program files (x86)/atmel/studio/7.0/toolchain/arm/arm-gnu-toolchain/bin/../lib/gcc/arm-none-eabi/6.3.1/../../../../arm-none-eabi/lib/thumb/v7e-m\libc_nano.a(lib_a-findfp.o)
 .ARM.attributes
                0x000006b0       0x2e c:/program files (x86)/atmel/studio/7.0/toolchain/arm/arm-gnu-toolchain/bin/../lib/gcc/arm-none-eabi/6.3.1/../../../../arm-none-eabi/lib/thumb/v7e-m\libc_nano.a(lib_a-fwalk.o)
 .ARM.attributes
                0x000006de       0x2e c:/program files (x86)/atmel/studio/7.0/toolchain/arm/arm-gnu-toolchain/bin/../lib/gcc/arm-none-eabi/6.3.1/../../../../arm-none-eabi/lib/thumb/v7e-m\libc_nano.a(lib_a-makebuf.o)
 .ARM.attributes
                0x0000070c       0x2e c:/program files (x86)/atmel/studio/7.0/toolchain/arm/arm-gnu-toolchain/bin/../lib/gcc/arm-none-eabi/6.3.1/../../../../arm-none-eabi/lib/thumb/v7e-m\libc_nano.a(lib_a-malloc.o)
 .ARM.attributes
                0x0000073a       0x2e c:/program files (x86)/atmel/studio/7.0/toolchain/arm/arm-gnu-toolchain/bin/../lib/gcc/arm-none-eabi/6.3.1/../../../../arm-none-eabi/lib/thumb/v7e-m\libc_nano.a(lib_a-nano-freer.o)
 .ARM.attributes
                0x00000768       0x2e c:/program files (x86)/atmel/studio/7.0/toolchain/arm/arm-gnu-toolchain/bin/../lib/gcc/arm-none-eabi/6.3.1/../../../../arm-none-eabi/lib/thumb/v7e-m\libc_nano.a(lib_a-nano-mallocr.o)
 .ARM.attributes
                0x00000796       0x2e c:/program files (x86)/atmel/studio/7.0/toolchain/arm/arm-gnu-toolchain/bin/../lib/gcc/arm-none-eabi/6.3.1/../../../../arm-none-eabi/lib/thumb/v7e-m\libc_nano.a(lib_a-nano-vfprintf.o)
 .ARM.attributes
                0x000007c4       0x2e c:/program files (x86)/atmel/studio/7.0/toolchain/arm/arm-gnu-toolchain/bin/../lib/gcc/arm-none-eabi/6.3.1/../../../../arm-none-eabi/lib/thumb/v7e-m\libc_nano.a(lib_a-nano-vfprintf_i.o)
 .ARM.attributes
                0x000007f2       0x2e c:/program files (x86)/atmel/studio/7.0/toolchain/arm/arm-gnu-toolchain/bin/../lib/gcc/arm-none-eabi/6.3.1/../../../../arm-none-eabi/lib/thumb/v7e-m\libc_nano.a(lib_a-sbrkr.o)
 .ARM.attributes
                0x00000820       0x2e c:/program files (x86)/atmel/studio/7.0/toolchain/arm/arm-gnu-toolchain/bin/../lib/gcc/arm-none-eabi/6.3.1/../../../../arm-none-eabi/lib/thumb/v7e-m\libc_nano.a(lib_a-stdio.o)
 .ARM.attributes
                0x0000084e       0x2e c:/program files (x86)/atmel/studio/7.0/toolchain/arm/arm-gnu-toolchain/bin/../lib/gcc/arm-none-eabi/6.3.1/../../../../arm-none-eabi/lib/thumb/v7e-m\libc_nano.a(lib_a-writer.o)
 .ARM.attributes
                0x0000087c       0x2e c:/program files (x86)/atmel/studio/7.0/toolchain/arm/arm-gnu-toolchain/bin/../lib/gcc/arm-none-eabi/6.3.1/../../../../arm-none-eabi/lib/thumb/v7e-m\libc_nano.a(lib_a-closer.o)
 .ARM.attributes
                0x000008aa       0x2e c:/program files (x86)/atmel/studio/7.0/toolchain/arm/arm-gnu-toolchain/bin/../lib/gcc/arm-none-eabi/6.3.1/../../../../arm-none-eabi/lib/thumb/v7e-m\libc_nano.a(lib_a-fstatr.o)
 .ARM.attributes
                0x000008d8       0x2e c:/program files (x86)/atmel/studio/7.0/toolchain/arm/arm-gnu-toolchain/bin/../lib/gcc/arm-none-eabi/6.3.1/../../../../arm-none-eabi/lib/thumb/v7e-m\libc_nano.a(lib_a-isattyr.o)
 .ARM.attributes
                0x00000906       0x2e c:/program files (x86)/atmel/studio/7.0/toolchain/arm/arm-gnu-toolchain/bin/../lib/gcc/arm-none-eabi/6.3.1/../../../../arm-none-eabi/lib/thumb/v7e-m\libc_nano.a(lib_a-lseekr.o)
 .ARM.attributes
                0x00000934       0x1c c:/program files (x86)/atmel/studio/7.0/toolchain/arm/arm-gnu-toolchain/bin/../lib/gcc/arm-none-eabi/6.3.1/../../../../arm-none-eabi/lib/thumb/v7e-m\libc_nano.a(lib_a-memchr.o)
 .ARM.attributes
                0x00000950       0x2e c:/program files (x86)/atmel/studio/7.0/toolchain/arm/arm-gnu-toolchain/bin/../lib/gcc/arm-none-eabi/6.3.1/../../../../arm-none-eabi/lib/thumb/v7e-m\libc_nano.a(lib_a-mlock.o)
 .ARM.attributes
                0x0000097e       0x2e c:/program files (x86)/atmel/studio/7.0/toolchain/arm/arm-gnu-toolchain/bin/../lib/gcc/arm-none-eabi/6.3.1/../../../../arm-none-eabi/lib/thumb/v7e-m\libc_nano.a(lib_a-readr.o)
 .ARM.attributes
                0x000009ac       0x2e c:/program files (x86)/atmel/studio/7.0/toolchain/arm/arm-gnu-toolchain/bin/../lib/gcc/arm-none-eabi/6.3.1/../../../../arm-none-eabi/lib/thumb/v7e-m\libc_nano.a(lib_a-reent.o)
 .ARM.attributes
                0x000009da       0x1e c:/program files (x86)/atmel/studio/7.0/toolchain/arm/arm-gnu-toolchain/bin/../lib/gcc/arm-none-eabi/6.3.1/thumb/v7e-m/crtn.o

.comment        0x00000000       0x59
 .comment       0x00000000       0x59 atmel_start.o
                                 0x5a (size before relaxing)
 .comment       0x00000059       0x5a Device_Startup/startup_samv71q21b.o
 .comment       0x00000059       0x5a driver_init.o
 .comment       0x00000059       0x5a hal/src/hal_atomic.o
 .comment       0x00000059       0x5a hal/src/hal_delay.o
 .comment       0x00000059       0x5a hal/src/hal_io.o
 .comment       0x00000059       0x5a hal/src/hal_usart_sync.o
 .comment       0x00000059       0x5a hal/utils/src/utils_assert.o
 .comment       0x00000059       0x5a hal/utils/src/utils_syscalls.o
 .comment       0x00000059       0x5a hpl/core/hpl_core_m7_base.o
 .comment       0x00000059       0x5a hpl/core/hpl_init.o
 .comment       0x00000059       0x5a hpl/pmc/hpl_pmc.o
 .comment       0x00000059       0x5a hpl/systick/hpl_systick_ARMv7_base.o
 .comment       0x00000059       0x5a hpl/tc/tc_lite.o
 .comment       0x00000059       0x5a hpl/usart/hpl_usart.o
 .comment       0x00000059       0x5a main.o
 .comment       0x00000059       0x5a stdio_redirect/gcc/read.o
 .comment       0x00000059       0x5a stdio_redirect/gcc/write.o
 .comment       0x00000059       0x5a stdio_redirect/stdio_io.o
 .comment       0x00000059       0x5a stdio_start.o

.debug_info     0x00000000     0xf862
 .debug_info    0x00000000      0xb35 atmel_start.o
 .debug_info    0x00000b35      0xb34 Device_Startup/startup_samv71q21b.o
 .debug_info    0x00001669     0x1bc0 driver_init.o
 .debug_info    0x00003229      0x1fa hal/src/hal_atomic.o
 .debug_info    0x00003423      0x205 hal/src/hal_delay.o
 .debug_info    0x00003628      0x311 hal/src/hal_io.o
 .debug_info    0x00003939      0xd3b hal/src/hal_usart_sync.o
 .debug_info    0x00004674      0x130 hal/utils/src/utils_assert.o
 .debug_info    0x000047a4      0xdca hal/utils/src/utils_syscalls.o
 .debug_info    0x0000556e      0xd3b hpl/core/hpl_core_m7_base.o
 .debug_info    0x000062a9      0x6be hpl/core/hpl_init.o
 .debug_info    0x00006967      0x894 hpl/pmc/hpl_pmc.o
 .debug_info    0x000071fb      0x289 hpl/systick/hpl_systick_ARMv7_base.o
 .debug_info    0x00007484      0xc64 hpl/tc/tc_lite.o
 .debug_info    0x000080e8     0x32b9 hpl/usart/hpl_usart.o
 .debug_info    0x0000b3a1     0x188a main.o
 .debug_info    0x0000cc2b      0xa5d stdio_redirect/gcc/read.o
 .debug_info    0x0000d688      0xa5d stdio_redirect/gcc/write.o
 .debug_info    0x0000e0e5      0xbf7 stdio_redirect/stdio_io.o
 .debug_info    0x0000ecdc      0xb86 stdio_start.o

.debug_abbrev   0x00000000     0x28d1
 .debug_abbrev  0x00000000      0x1b4 atmel_start.o
 .debug_abbrev  0x000001b4      0x153 Device_Startup/startup_samv71q21b.o
 .debug_abbrev  0x00000307      0x2e1 driver_init.o
 .debug_abbrev  0x000005e8      0x155 hal/src/hal_atomic.o
 .debug_abbrev  0x0000073d       0xf9 hal/src/hal_delay.o
 .debug_abbrev  0x00000836      0x12d hal/src/hal_io.o
 .debug_abbrev  0x00000963      0x22f hal/src/hal_usart_sync.o
 .debug_abbrev  0x00000b92       0x9e hal/utils/src/utils_assert.o
 .debug_abbrev  0x00000c30      0x269 hal/utils/src/utils_syscalls.o
 .debug_abbrev  0x00000e99      0x293 hpl/core/hpl_core_m7_base.o
 .debug_abbrev  0x0000112c      0x1e7 hpl/core/hpl_init.o
 .debug_abbrev  0x00001313      0x1b7 hpl/pmc/hpl_pmc.o
 .debug_abbrev  0x000014ca      0x174 hpl/systick/hpl_systick_ARMv7_base.o
 .debug_abbrev  0x0000163e      0x2a1 hpl/tc/tc_lite.o
 .debug_abbrev  0x000018df      0x42d hpl/usart/hpl_usart.o
 .debug_abbrev  0x00001d0c      0x3d5 main.o
 .debug_abbrev  0x000020e1      0x1ef stdio_redirect/gcc/read.o
 .debug_abbrev  0x000022d0      0x1ef stdio_redirect/gcc/write.o
 .debug_abbrev  0x000024bf      0x230 stdio_redirect/stdio_io.o
 .debug_abbrev  0x000026ef      0x1e2 stdio_start.o

.debug_loc      0x00000000     0x4001
 .debug_loc     0x00000000       0x20 atmel_start.o
 .debug_loc     0x00000020       0x78 Device_Startup/startup_samv71q21b.o
 .debug_loc     0x00000098      0x453 driver_init.o
 .debug_loc     0x000004eb       0x13 hal/src/hal_atomic.o
 .debug_loc     0x000004fe       0xc3 hal/src/hal_delay.o
 .debug_loc     0x000005c1      0x132 hal/src/hal_io.o
 .debug_loc     0x000006f3      0x8b2 hal/src/hal_usart_sync.o
 .debug_loc     0x00000fa5      0x13b hal/utils/src/utils_syscalls.o
 .debug_loc     0x000010e0      0x23a hpl/core/hpl_core_m7_base.o
 .debug_loc     0x0000131a       0x77 hpl/core/hpl_init.o
 .debug_loc     0x00001391      0x204 hpl/pmc/hpl_pmc.o
 .debug_loc     0x00001595      0x127 hpl/systick/hpl_systick_ARMv7_base.o
 .debug_loc     0x000016bc      0x42d hpl/tc/tc_lite.o
 .debug_loc     0x00001ae9     0x1f4a hpl/usart/hpl_usart.o
 .debug_loc     0x00003a33      0x217 main.o
 .debug_loc     0x00003c4a       0xff stdio_redirect/gcc/read.o
 .debug_loc     0x00003d49       0xf3 stdio_redirect/gcc/write.o
 .debug_loc     0x00003e3c      0x185 stdio_redirect/stdio_io.o
 .debug_loc     0x00003fc1       0x40 stdio_start.o

.debug_aranges  0x00000000      0x660
 .debug_aranges
                0x00000000       0x20 atmel_start.o
 .debug_aranges
                0x00000020       0x28 Device_Startup/startup_samv71q21b.o
 .debug_aranges
                0x00000048       0x50 driver_init.o
 .debug_aranges
                0x00000098       0x30 hal/src/hal_atomic.o
 .debug_aranges
                0x000000c8       0x38 hal/src/hal_delay.o
 .debug_aranges
                0x00000100       0x30 hal/src/hal_io.o
 .debug_aranges
                0x00000130       0xa8 hal/src/hal_usart_sync.o
 .debug_aranges
                0x000001d8       0x20 hal/utils/src/utils_assert.o
 .debug_aranges
                0x000001f8       0x60 hal/utils/src/utils_syscalls.o
 .debug_aranges
                0x00000258       0x70 hpl/core/hpl_core_m7_base.o
 .debug_aranges
                0x000002c8       0x20 hpl/core/hpl_init.o
 .debug_aranges
                0x000002e8       0x30 hpl/pmc/hpl_pmc.o
 .debug_aranges
                0x00000318       0x48 hpl/systick/hpl_systick_ARMv7_base.o
 .debug_aranges
                0x00000360       0x40 hpl/tc/tc_lite.o
 .debug_aranges
                0x000003a0      0x1c8 hpl/usart/hpl_usart.o
 .debug_aranges
                0x00000568       0x58 main.o
 .debug_aranges
                0x000005c0       0x20 stdio_redirect/gcc/read.o
 .debug_aranges
                0x000005e0       0x20 stdio_redirect/gcc/write.o
 .debug_aranges
                0x00000600       0x38 stdio_redirect/stdio_io.o
 .debug_aranges
                0x00000638       0x28 stdio_start.o

.debug_ranges   0x00000000      0x520
 .debug_ranges  0x00000000       0x10 atmel_start.o
 .debug_ranges  0x00000010       0x18 Device_Startup/startup_samv71q21b.o
 .debug_ranges  0x00000028       0x40 driver_init.o
 .debug_ranges  0x00000068       0x20 hal/src/hal_atomic.o
 .debug_ranges  0x00000088       0x28 hal/src/hal_delay.o
 .debug_ranges  0x000000b0       0x20 hal/src/hal_io.o
 .debug_ranges  0x000000d0       0x98 hal/src/hal_usart_sync.o
 .debug_ranges  0x00000168       0x10 hal/utils/src/utils_assert.o
 .debug_ranges  0x00000178       0x50 hal/utils/src/utils_syscalls.o
 .debug_ranges  0x000001c8       0x60 hpl/core/hpl_core_m7_base.o
 .debug_ranges  0x00000228       0x10 hpl/core/hpl_init.o
 .debug_ranges  0x00000238       0x20 hpl/pmc/hpl_pmc.o
 .debug_ranges  0x00000258       0x38 hpl/systick/hpl_systick_ARMv7_base.o
 .debug_ranges  0x00000290       0x30 hpl/tc/tc_lite.o
 .debug_ranges  0x000002c0      0x1b8 hpl/usart/hpl_usart.o
 .debug_ranges  0x00000478       0x48 main.o
 .debug_ranges  0x000004c0       0x10 stdio_redirect/gcc/read.o
 .debug_ranges  0x000004d0       0x10 stdio_redirect/gcc/write.o
 .debug_ranges  0x000004e0       0x28 stdio_redirect/stdio_io.o
 .debug_ranges  0x00000508       0x18 stdio_start.o

.debug_macro    0x00000000    0x3f048
 .debug_macro   0x00000000      0x8bb atmel_start.o
 .debug_macro   0x000008bb      0x8b0 atmel_start.o
 .debug_macro   0x0000116b      0x16d atmel_start.o
 .debug_macro   0x000012d8       0x22 atmel_start.o
 .debug_macro   0x000012fa       0x87 atmel_start.o
 .debug_macro   0x00001381       0x51 atmel_start.o
 .debug_macro   0x000013d2       0xef atmel_start.o
 .debug_macro   0x000014c1       0x6a atmel_start.o
 .debug_macro   0x0000152b      0x1df atmel_start.o
 .debug_macro   0x0000170a       0x22 atmel_start.o
 .debug_macro   0x0000172c       0xd7 atmel_start.o
 .debug_macro   0x00001803       0x1c atmel_start.o
 .debug_macro   0x0000181f       0x22 atmel_start.o
 .debug_macro   0x00001841       0xdf atmel_start.o
 .debug_macro   0x00001920     0x12cd atmel_start.o
 .debug_macro   0x00002bed      0x11f atmel_start.o
 .debug_macro   0x00002d0c       0x19 atmel_start.o
 .debug_macro   0x00002d25      0x3e2 atmel_start.o
 .debug_macro   0x00003107      0x5a9 atmel_start.o
 .debug_macro   0x000036b0     0x1797 atmel_start.o
 .debug_macro   0x00004e47      0x3bb atmel_start.o
 .debug_macro   0x00005202      0x830 atmel_start.o
 .debug_macro   0x00005a32      0x316 atmel_start.o
 .debug_macro   0x00005d48     0x269d atmel_start.o
 .debug_macro   0x000083e5       0x40 atmel_start.o
 .debug_macro   0x00008425     0x105e atmel_start.o
 .debug_macro   0x00009483      0x60b atmel_start.o
 .debug_macro   0x00009a8e      0x555 atmel_start.o
 .debug_macro   0x00009fe3      0xb8f atmel_start.o
 .debug_macro   0x0000ab72      0x62e atmel_start.o
 .debug_macro   0x0000b1a0     0x3ac9 atmel_start.o
 .debug_macro   0x0000ec69      0x6bf atmel_start.o
 .debug_macro   0x0000f328     0x83ff atmel_start.o
 .debug_macro   0x00017727     0x326e atmel_start.o
 .debug_macro   0x0001a995     0x24d0 atmel_start.o
 .debug_macro   0x0001ce65      0x87f atmel_start.o
 .debug_macro   0x0001d6e4      0x17d atmel_start.o
 .debug_macro   0x0001d861      0x118 atmel_start.o
 .debug_macro   0x0001d979      0x909 atmel_start.o
 .debug_macro   0x0001e282      0x125 atmel_start.o
 .debug_macro   0x0001e3a7      0x503 atmel_start.o
 .debug_macro   0x0001e8aa      0x3e0 atmel_start.o
 .debug_macro   0x0001ec8a      0x709 atmel_start.o
 .debug_macro   0x0001f393      0xb64 atmel_start.o
 .debug_macro   0x0001fef7      0xf03 atmel_start.o
 .debug_macro   0x00020dfa      0xff2 atmel_start.o
 .debug_macro   0x00021dec      0x1a8 atmel_start.o
 .debug_macro   0x00021f94      0x124 atmel_start.o
 .debug_macro   0x000220b8      0xbc2 atmel_start.o
 .debug_macro   0x00022c7a      0x5c5 atmel_start.o
 .debug_macro   0x0002323f     0x1afb atmel_start.o
 .debug_macro   0x00024d3a      0x664 atmel_start.o
 .debug_macro   0x0002539e     0x41a7 atmel_start.o
 .debug_macro   0x00029545      0x64f atmel_start.o
 .debug_macro   0x00029b94       0xc4 atmel_start.o
 .debug_macro   0x00029c58      0x12d atmel_start.o
 .debug_macro   0x00029d85     0x2a5f atmel_start.o
 .debug_macro   0x0002c7e4       0x7c atmel_start.o
 .debug_macro   0x0002c860      0x14e atmel_start.o
 .debug_macro   0x0002c9ae       0xf4 atmel_start.o
 .debug_macro   0x0002caa2       0xf4 atmel_start.o
 .debug_macro   0x0002cb96       0x16 atmel_start.o
 .debug_macro   0x0002cbac       0x7c atmel_start.o
 .debug_macro   0x0002cc28       0x40 atmel_start.o
 .debug_macro   0x0002cc68      0x623 atmel_start.o
 .debug_macro   0x0002d28b       0x40 atmel_start.o
 .debug_macro   0x0002d2cb      0x7ce atmel_start.o
 .debug_macro   0x0002da99       0x6a atmel_start.o
 .debug_macro   0x0002db03       0x6a atmel_start.o
 .debug_macro   0x0002db6d       0x88 atmel_start.o
 .debug_macro   0x0002dbf5       0xac atmel_start.o
 .debug_macro   0x0002dca1      0x142 atmel_start.o
 .debug_macro   0x0002dde3      0x138 atmel_start.o
 .debug_macro   0x0002df1b      0x138 atmel_start.o
 .debug_macro   0x0002e053       0xee atmel_start.o
 .debug_macro   0x0002e141      0x187 atmel_start.o
 .debug_macro   0x0002e2c8      0x180 atmel_start.o
 .debug_macro   0x0002e448      0x180 atmel_start.o
 .debug_macro   0x0002e5c8      0x180 atmel_start.o
 .debug_macro   0x0002e748      0x180 atmel_start.o
 .debug_macro   0x0002e8c8      0x121 atmel_start.o
 .debug_macro   0x0002e9e9      0x352 atmel_start.o
 .debug_macro   0x0002ed3b      0x352 atmel_start.o
 .debug_macro   0x0002f08d       0x82 atmel_start.o
 .debug_macro   0x0002f10f       0x22 atmel_start.o
 .debug_macro   0x0002f131       0x22 atmel_start.o
 .debug_macro   0x0002f153       0x58 atmel_start.o
 .debug_macro   0x0002f1ab       0x28 atmel_start.o
 .debug_macro   0x0002f1d3       0x64 atmel_start.o
 .debug_macro   0x0002f237       0x94 atmel_start.o
 .debug_macro   0x0002f2cb       0x7c atmel_start.o
 .debug_macro   0x0002f347       0x7c atmel_start.o
 .debug_macro   0x0002f3c3       0x8e atmel_start.o
 .debug_macro   0x0002f451       0x34 atmel_start.o
 .debug_macro   0x0002f485      0x1a8 atmel_start.o
 .debug_macro   0x0002f62d      0x1a8 atmel_start.o
 .debug_macro   0x0002f7d5      0x1a8 atmel_start.o
 .debug_macro   0x0002f97d      0x1a8 atmel_start.o
 .debug_macro   0x0002fb25       0x3a atmel_start.o
 .debug_macro   0x0002fb5f       0x82 atmel_start.o
 .debug_macro   0x0002fbe1       0x82 atmel_start.o
 .debug_macro   0x0002fc63       0x82 atmel_start.o
 .debug_macro   0x0002fce5       0x70 atmel_start.o
 .debug_macro   0x0002fd55       0x70 atmel_start.o
 .debug_macro   0x0002fdc5       0x70 atmel_start.o
 .debug_macro   0x0002fe35       0x70 atmel_start.o
 .debug_macro   0x0002fea5       0x70 atmel_start.o
 .debug_macro   0x0002ff15       0xf4 atmel_start.o
 .debug_macro   0x00030009       0xf4 atmel_start.o
 .debug_macro   0x000300fd       0xf4 atmel_start.o
 .debug_macro   0x000301f1      0x71f atmel_start.o
 .debug_macro   0x00030910       0x16 atmel_start.o
 .debug_macro   0x00030926       0x22 atmel_start.o
 .debug_macro   0x00030948      0x9bf atmel_start.o
 .debug_macro   0x00031307      0x59f atmel_start.o
 .debug_macro   0x000318a6     0x2879 atmel_start.o
 .debug_macro   0x0003411f      0x169 atmel_start.o
 .debug_macro   0x00034288       0x10 atmel_start.o
 .debug_macro   0x00034298       0x10 atmel_start.o
 .debug_macro   0x000342a8       0x16 atmel_start.o
 .debug_macro   0x000342be       0x16 atmel_start.o
 .debug_macro   0x000342d4       0x16 atmel_start.o
 .debug_macro   0x000342ea       0x16 atmel_start.o
 .debug_macro   0x00034300       0x16 atmel_start.o
 .debug_macro   0x00034316       0x16 atmel_start.o
 .debug_macro   0x0003432c       0x16 atmel_start.o
 .debug_macro   0x00034342       0x16 atmel_start.o
 .debug_macro   0x00034358       0x16 atmel_start.o
 .debug_macro   0x0003436e       0x16 atmel_start.o
 .debug_macro   0x00034384       0x16 atmel_start.o
 .debug_macro   0x0003439a       0x16 atmel_start.o
 .debug_macro   0x000343b0       0x16 atmel_start.o
 .debug_macro   0x000343c6       0x16 atmel_start.o
 .debug_macro   0x000343dc       0x16 atmel_start.o
 .debug_macro   0x000343f2       0x16 atmel_start.o
 .debug_macro   0x00034408       0x16 atmel_start.o
 .debug_macro   0x0003441e       0x16 atmel_start.o
 .debug_macro   0x00034434       0x16 atmel_start.o
 .debug_macro   0x0003444a       0x16 atmel_start.o
 .debug_macro   0x00034460       0x16 atmel_start.o
 .debug_macro   0x00034476       0x16 atmel_start.o
 .debug_macro   0x0003448c       0x16 atmel_start.o
 .debug_macro   0x000344a2       0x16 atmel_start.o
 .debug_macro   0x000344b8       0x16 atmel_start.o
 .debug_macro   0x000344ce       0x16 atmel_start.o
 .debug_macro   0x000344e4       0x16 atmel_start.o
 .debug_macro   0x000344fa      0x27e atmel_start.o
 .debug_macro   0x00034778       0x16 atmel_start.o
 .debug_macro   0x0003478e       0x16 atmel_start.o
 .debug_macro   0x000347a4       0x16 atmel_start.o
 .debug_macro   0x000347ba      0x373 atmel_start.o
 .debug_macro   0x00034b2d       0xa9 atmel_start.o
 .debug_macro   0x00034bd6       0x16 atmel_start.o
 .debug_macro   0x00034bec       0x16 atmel_start.o
 .debug_macro   0x00034c02       0x16 atmel_start.o
 .debug_macro   0x00034c18       0xca atmel_start.o
 .debug_macro   0x00034ce2       0x1c atmel_start.o
 .debug_macro   0x00034cfe       0x16 atmel_start.o
 .debug_macro   0x00034d14       0x34 atmel_start.o
 .debug_macro   0x00034d48       0x58 atmel_start.o
 .debug_macro   0x00034da0       0x35 atmel_start.o
 .debug_macro   0x00034dd5       0x9c atmel_start.o
 .debug_macro   0x00034e71       0x16 atmel_start.o
 .debug_macro   0x00034e87       0x35 atmel_start.o
 .debug_macro   0x00034ebc      0x34d atmel_start.o
 .debug_macro   0x00035209       0x10 atmel_start.o
 .debug_macro   0x00035219       0x58 atmel_start.o
 .debug_macro   0x00035271       0x1f atmel_start.o
 .debug_macro   0x00035290       0x43 atmel_start.o
 .debug_macro   0x000352d3       0x20 atmel_start.o
 .debug_macro   0x000352f3      0x187 atmel_start.o
 .debug_macro   0x0003547a       0x10 atmel_start.o
 .debug_macro   0x0003548a       0x1c atmel_start.o
 .debug_macro   0x000354a6       0x52 atmel_start.o
 .debug_macro   0x000354f8       0x40 atmel_start.o
 .debug_macro   0x00035538       0x10 atmel_start.o
 .debug_macro   0x00035548       0x40 atmel_start.o
 .debug_macro   0x00035588       0xd7 atmel_start.o
 .debug_macro   0x0003565f       0x16 atmel_start.o
 .debug_macro   0x00035675      0x18b atmel_start.o
 .debug_macro   0x00035800      0x49c Device_Startup/startup_samv71q21b.o
 .debug_macro   0x00035c9c       0xd1 Device_Startup/startup_samv71q21b.o
 .debug_macro   0x00035d6d      0x777 driver_init.o
 .debug_macro   0x000364e4       0x10 driver_init.o
 .debug_macro   0x000364f4       0x4c driver_init.o
 .debug_macro   0x00036540       0xc9 driver_init.o
 .debug_macro   0x00036609      0x669 hal/src/hal_atomic.o
 .debug_macro   0x00036c72      0x6a0 hal/src/hal_delay.o
 .debug_macro   0x00037312      0x67e hal/src/hal_io.o
 .debug_macro   0x00037990      0x6a9 hal/src/hal_usart_sync.o
 .debug_macro   0x00038039      0x673 hal/utils/src/utils_assert.o
 .debug_macro   0x000386ac       0x10 hal/utils/src/utils_assert.o
 .debug_macro   0x000386bc      0x1d6 hal/utils/src/utils_syscalls.o
 .debug_macro   0x00038892       0x52 hal/utils/src/utils_syscalls.o
 .debug_macro   0x000388e4       0x8d hal/utils/src/utils_syscalls.o
 .debug_macro   0x00038971       0x57 hal/utils/src/utils_syscalls.o
 .debug_macro   0x000389c8       0x97 hal/utils/src/utils_syscalls.o
 .debug_macro   0x00038a5f      0x353 hal/utils/src/utils_syscalls.o
 .debug_macro   0x00038db2       0xf6 hal/utils/src/utils_syscalls.o
 .debug_macro   0x00038ea8       0x4c hal/utils/src/utils_syscalls.o
 .debug_macro   0x00038ef4       0x16 hal/utils/src/utils_syscalls.o
 .debug_macro   0x00038f0a       0x10 hal/utils/src/utils_syscalls.o
 .debug_macro   0x00038f1a       0x10 hal/utils/src/utils_syscalls.o
 .debug_macro   0x00038f2a       0x35 hal/utils/src/utils_syscalls.o
 .debug_macro   0x00038f5f      0x122 hal/utils/src/utils_syscalls.o
 .debug_macro   0x00039081      0x6c9 hpl/core/hpl_core_m7_base.o
 .debug_macro   0x0003974a      0x6e1 hpl/core/hpl_init.o
 .debug_macro   0x00039e2b      0x324 hpl/core/hpl_init.o
 .debug_macro   0x0003a14f      0x9df hpl/core/hpl_init.o
 .debug_macro   0x0003ab2e      0x692 hpl/pmc/hpl_pmc.o
 .debug_macro   0x0003b1c0      0x678 hpl/systick/hpl_systick_ARMv7_base.o
 .debug_macro   0x0003b838       0x10 hpl/systick/hpl_systick_ARMv7_base.o
 .debug_macro   0x0003b848      0x690 hpl/tc/tc_lite.o
 .debug_macro   0x0003bed8      0x6d9 hpl/usart/hpl_usart.o
 .debug_macro   0x0003c5b1       0x9f hpl/usart/hpl_usart.o
 .debug_macro   0x0003c650      0x8cf main.o
 .debug_macro   0x0003cf1f       0x10 main.o
 .debug_macro   0x0003cf2f      0x7d9 stdio_redirect/gcc/read.o
 .debug_macro   0x0003d708      0x7d9 stdio_redirect/gcc/write.o
 .debug_macro   0x0003dee1      0x7d2 stdio_redirect/stdio_io.o
 .debug_macro   0x0003e6b3       0xd9 stdio_redirect/stdio_io.o
 .debug_macro   0x0003e78c      0x8bc stdio_start.o

.debug_line     0x00000000    0x106ff
 .debug_line    0x00000000      0xebb atmel_start.o
 .debug_line    0x00000ebb      0x900 Device_Startup/startup_samv71q21b.o
 .debug_line    0x000017bb      0xed8 driver_init.o
 .debug_line    0x00002693      0xc78 hal/src/hal_atomic.o
 .debug_line    0x0000330b      0xcac hal/src/hal_delay.o
 .debug_line    0x00003fb7      0xc70 hal/src/hal_io.o
 .debug_line    0x00004c27      0xe19 hal/src/hal_usart_sync.o
 .debug_line    0x00005a40      0xc4d hal/utils/src/utils_assert.o
 .debug_line    0x0000668d      0x40a hal/utils/src/utils_syscalls.o
 .debug_line    0x00006a97      0xdd4 hpl/core/hpl_core_m7_base.o
 .debug_line    0x0000786b      0xd33 hpl/core/hpl_init.o
 .debug_line    0x0000859e      0xd3e hpl/pmc/hpl_pmc.o
 .debug_line    0x000092dc      0xce7 hpl/systick/hpl_systick_ARMv7_base.o
 .debug_line    0x00009fc3      0xcf8 hpl/tc/tc_lite.o
 .debug_line    0x0000acbb     0x1323 hpl/usart/hpl_usart.o
 .debug_line    0x0000bfde      0xfc8 main.o
 .debug_line    0x0000cfa6      0xd78 stdio_redirect/gcc/read.o
 .debug_line    0x0000dd1e      0xd79 stdio_redirect/gcc/write.o
 .debug_line    0x0000ea97      0xd99 stdio_redirect/stdio_io.o
 .debug_line    0x0000f830      0xecf stdio_start.o

.debug_str      0x00000000   0x14559e
 .debug_str     0x00000000   0x13df43 atmel_start.o
                             0x13e938 (size before relaxing)
 .debug_str     0x0013df43      0x78d Device_Startup/startup_samv71q21b.o
                             0x1353d2 (size before relaxing)
 .debug_str     0x0013e6d0      0xff4 driver_init.o
                             0x13bb25 (size before relaxing)
 .debug_str     0x0013f6c4       0xb7 hal/src/hal_atomic.o
                             0x13a78a (size before relaxing)
 .debug_str     0x0013f77b       0x9b hal/src/hal_delay.o
                             0x13a7f4 (size before relaxing)
 .debug_str     0x0013f816       0x3a hal/src/hal_io.o
                             0x13a825 (size before relaxing)
 .debug_str     0x0013f850      0x4aa hal/src/hal_usart_sync.o
                             0x13b2c5 (size before relaxing)
 .debug_str     0x0013fcfa       0x2a hal/utils/src/utils_assert.o
                             0x13a79a (size before relaxing)
 .debug_str     0x0013fd24      0x778 hal/utils/src/utils_syscalls.o
                               0x73b9 (size before relaxing)
 .debug_str     0x0014049c      0x5eb hpl/core/hpl_core_m7_base.o
                             0x13b5bd (size before relaxing)
 .debug_str     0x00140a87     0x3073 hpl/core/hpl_init.o
                             0x13dbef (size before relaxing)
 .debug_str     0x00143afa      0x1d6 hpl/pmc/hpl_pmc.o
                             0x13b81f (size before relaxing)
 .debug_str     0x00143cd0       0xde hpl/systick/hpl_systick_ARMv7_base.o
                             0x13a7f3 (size before relaxing)
 .debug_str     0x00143dae      0x25b hpl/tc/tc_lite.o
                             0x13ae70 (size before relaxing)
 .debug_str     0x00144009     0x12a2 hpl/usart/hpl_usart.o
                             0x13ca43 (size before relaxing)
 .debug_str     0x001452ab      0x224 main.o
                             0x13ef94 (size before relaxing)
 .debug_str     0x001454cf       0x2b stdio_redirect/gcc/read.o
                             0x13e547 (size before relaxing)
 .debug_str     0x001454fa       0x2d stdio_redirect/gcc/write.o
                             0x13e549 (size before relaxing)
 .debug_str     0x00145527       0x4b stdio_redirect/stdio_io.o
                             0x13e5d0 (size before relaxing)
 .debug_str     0x00145572       0x2c stdio_start.o
                             0x13e968 (size before relaxing)

.debug_frame    0x00000000     0x16a8
 .debug_frame   0x00000000       0x28 atmel_start.o
 .debug_frame   0x00000028       0x38 Device_Startup/startup_samv71q21b.o
 .debug_frame   0x00000060       0x98 driver_init.o
 .debug_frame   0x000000f8       0x40 hal/src/hal_atomic.o
 .debug_frame   0x00000138       0x68 hal/src/hal_delay.o
 .debug_frame   0x000001a0       0x58 hal/src/hal_io.o
 .debug_frame   0x000001f8      0x1f0 hal/src/hal_usart_sync.o
 .debug_frame   0x000003e8       0x20 hal/utils/src/utils_assert.o
 .debug_frame   0x00000408       0xa8 hal/utils/src/utils_syscalls.o
 .debug_frame   0x000004b0       0xcc hpl/core/hpl_core_m7_base.o
 .debug_frame   0x0000057c       0x2c hpl/core/hpl_init.o
 .debug_frame   0x000005a8       0x48 hpl/pmc/hpl_pmc.o
 .debug_frame   0x000005f0       0x78 hpl/systick/hpl_systick_ARMv7_base.o
 .debug_frame   0x00000668       0x74 hpl/tc/tc_lite.o
 .debug_frame   0x000006dc      0x594 hpl/usart/hpl_usart.o
 .debug_frame   0x00000c70       0xb0 main.o
 .debug_frame   0x00000d20       0x2c stdio_redirect/gcc/read.o
 .debug_frame   0x00000d4c       0x2c stdio_redirect/gcc/write.o
 .debug_frame   0x00000d78       0x6c stdio_redirect/stdio_io.o
 .debug_frame   0x00000de4       0x40 stdio_start.o
 .debug_frame   0x00000e24       0xac c:/program files (x86)/atmel/studio/7.0/toolchain/arm/arm-gnu-toolchain/bin/../lib/gcc/arm-none-eabi/6.3.1/thumb/v7e-m\libgcc.a(_arm_addsubdf3.o)
 .debug_frame   0x00000ed0       0x2c c:/program files (x86)/atmel/studio/7.0/toolchain/arm/arm-gnu-toolchain/bin/../lib/gcc/arm-none-eabi/6.3.1/../../../../arm-none-eabi/lib/thumb/v7e-m\libc_nano.a(lib_a-init.o)
 .debug_frame   0x00000efc       0x20 c:/program files (x86)/atmel/studio/7.0/toolchain/arm/arm-gnu-toolchain/bin/../lib/gcc/arm-none-eabi/6.3.1/../../../../arm-none-eabi/lib/thumb/v7e-m\libc_nano.a(lib_a-memset.o)
 .debug_frame   0x00000f1c       0x74 c:/program files (x86)/atmel/studio/7.0/toolchain/arm/arm-gnu-toolchain/bin/../lib/gcc/arm-none-eabi/6.3.1/../../../../arm-none-eabi/lib/thumb/v7e-m\libc_nano.a(lib_a-printf.o)
 .debug_frame   0x00000f90       0x3c c:/program files (x86)/atmel/studio/7.0/toolchain/arm/arm-gnu-toolchain/bin/../lib/gcc/arm-none-eabi/6.3.1/../../../../arm-none-eabi/lib/thumb/v7e-m\libc_nano.a(lib_a-puts.o)
 .debug_frame   0x00000fcc       0x20 c:/program files (x86)/atmel/studio/7.0/toolchain/arm/arm-gnu-toolchain/bin/../lib/gcc/arm-none-eabi/6.3.1/../../../../arm-none-eabi/lib/thumb/v7e-m\libc_nano.a(lib_a-setbuf.o)
 .debug_frame   0x00000fec       0x38 c:/program files (x86)/atmel/studio/7.0/toolchain/arm/arm-gnu-toolchain/bin/../lib/gcc/arm-none-eabi/6.3.1/../../../../arm-none-eabi/lib/thumb/v7e-m\libc_nano.a(lib_a-setvbuf.o)
 .debug_frame   0x00001024       0x40 c:/program files (x86)/atmel/studio/7.0/toolchain/arm/arm-gnu-toolchain/bin/../lib/gcc/arm-none-eabi/6.3.1/../../../../arm-none-eabi/lib/thumb/v7e-m\libc_nano.a(lib_a-wbuf.o)
 .debug_frame   0x00001064       0x2c c:/program files (x86)/atmel/studio/7.0/toolchain/arm/arm-gnu-toolchain/bin/../lib/gcc/arm-none-eabi/6.3.1/../../../../arm-none-eabi/lib/thumb/v7e-m\libc_nano.a(lib_a-wsetup.o)
 .debug_frame   0x00001090       0x68 c:/program files (x86)/atmel/studio/7.0/toolchain/arm/arm-gnu-toolchain/bin/../lib/gcc/arm-none-eabi/6.3.1/../../../../arm-none-eabi/lib/thumb/v7e-m\libc_nano.a(lib_a-fflush.o)
 .debug_frame   0x000010f8      0x11c c:/program files (x86)/atmel/studio/7.0/toolchain/arm/arm-gnu-toolchain/bin/../lib/gcc/arm-none-eabi/6.3.1/../../../../arm-none-eabi/lib/thumb/v7e-m\libc_nano.a(lib_a-findfp.o)
 .debug_frame   0x00001214       0x54 c:/program files (x86)/atmel/studio/7.0/toolchain/arm/arm-gnu-toolchain/bin/../lib/gcc/arm-none-eabi/6.3.1/../../../../arm-none-eabi/lib/thumb/v7e-m\libc_nano.a(lib_a-fwalk.o)
 .debug_frame   0x00001268       0x58 c:/program files (x86)/atmel/studio/7.0/toolchain/arm/arm-gnu-toolchain/bin/../lib/gcc/arm-none-eabi/6.3.1/../../../../arm-none-eabi/lib/thumb/v7e-m\libc_nano.a(lib_a-makebuf.o)
 .debug_frame   0x000012c0       0x30 c:/program files (x86)/atmel/studio/7.0/toolchain/arm/arm-gnu-toolchain/bin/../lib/gcc/arm-none-eabi/6.3.1/../../../../arm-none-eabi/lib/thumb/v7e-m\libc_nano.a(lib_a-malloc.o)
 .debug_frame   0x000012f0       0x38 c:/program files (x86)/atmel/studio/7.0/toolchain/arm/arm-gnu-toolchain/bin/../lib/gcc/arm-none-eabi/6.3.1/../../../../arm-none-eabi/lib/thumb/v7e-m\libc_nano.a(lib_a-nano-freer.o)
 .debug_frame   0x00001328       0x2c c:/program files (x86)/atmel/studio/7.0/toolchain/arm/arm-gnu-toolchain/bin/../lib/gcc/arm-none-eabi/6.3.1/../../../../arm-none-eabi/lib/thumb/v7e-m\libc_nano.a(lib_a-nano-mallocr.o)
 .debug_frame   0x00001354       0xac c:/program files (x86)/atmel/studio/7.0/toolchain/arm/arm-gnu-toolchain/bin/../lib/gcc/arm-none-eabi/6.3.1/../../../../arm-none-eabi/lib/thumb/v7e-m\libc_nano.a(lib_a-nano-vfprintf.o)
 .debug_frame   0x00001400       0x60 c:/program files (x86)/atmel/studio/7.0/toolchain/arm/arm-gnu-toolchain/bin/../lib/gcc/arm-none-eabi/6.3.1/../../../../arm-none-eabi/lib/thumb/v7e-m\libc_nano.a(lib_a-nano-vfprintf_i.o)
 .debug_frame   0x00001460       0x2c c:/program files (x86)/atmel/studio/7.0/toolchain/arm/arm-gnu-toolchain/bin/../lib/gcc/arm-none-eabi/6.3.1/../../../../arm-none-eabi/lib/thumb/v7e-m\libc_nano.a(lib_a-sbrkr.o)
 .debug_frame   0x0000148c       0x88 c:/program files (x86)/atmel/studio/7.0/toolchain/arm/arm-gnu-toolchain/bin/../lib/gcc/arm-none-eabi/6.3.1/../../../../arm-none-eabi/lib/thumb/v7e-m\libc_nano.a(lib_a-stdio.o)
 .debug_frame   0x00001514       0x2c c:/program files (x86)/atmel/studio/7.0/toolchain/arm/arm-gnu-toolchain/bin/../lib/gcc/arm-none-eabi/6.3.1/../../../../arm-none-eabi/lib/thumb/v7e-m\libc_nano.a(lib_a-writer.o)
 .debug_frame   0x00001540       0x2c c:/program files (x86)/atmel/studio/7.0/toolchain/arm/arm-gnu-toolchain/bin/../lib/gcc/arm-none-eabi/6.3.1/../../../../arm-none-eabi/lib/thumb/v7e-m\libc_nano.a(lib_a-closer.o)
 .debug_frame   0x0000156c       0x2c c:/program files (x86)/atmel/studio/7.0/toolchain/arm/arm-gnu-toolchain/bin/../lib/gcc/arm-none-eabi/6.3.1/../../../../arm-none-eabi/lib/thumb/v7e-m\libc_nano.a(lib_a-fstatr.o)
 .debug_frame   0x00001598       0x2c c:/program files (x86)/atmel/studio/7.0/toolchain/arm/arm-gnu-toolchain/bin/../lib/gcc/arm-none-eabi/6.3.1/../../../../arm-none-eabi/lib/thumb/v7e-m\libc_nano.a(lib_a-isattyr.o)
 .debug_frame   0x000015c4       0x2c c:/program files (x86)/atmel/studio/7.0/toolchain/arm/arm-gnu-toolchain/bin/../lib/gcc/arm-none-eabi/6.3.1/../../../../arm-none-eabi/lib/thumb/v7e-m\libc_nano.a(lib_a-lseekr.o)
 .debug_frame   0x000015f0       0x30 c:/program files (x86)/atmel/studio/7.0/toolchain/arm/arm-gnu-toolchain/bin/../lib/gcc/arm-none-eabi/6.3.1/../../../../arm-none-eabi/lib/thumb/v7e-m\libc_nano.a(lib_a-mlock.o)
 .debug_frame   0x00001620       0x2c c:/program files (x86)/atmel/studio/7.0/toolchain/arm/arm-gnu-toolchain/bin/../lib/gcc/arm-none-eabi/6.3.1/../../../../arm-none-eabi/lib/thumb/v7e-m\libc_nano.a(lib_a-readr.o)
 .debug_frame   0x0000164c       0x5c c:/program files (x86)/atmel/studio/7.0/toolchain/arm/arm-gnu-toolchain/bin/../lib/gcc/arm-none-eabi/6.3.1/../../../../arm-none-eabi/lib/thumb/v7e-m\libc_nano.a(lib_a-reent.o)
